11:40:49 [激光测距] 已通过 MyLink MAVLink 收到四路距离数据
11:40:49 [电机输出] 已通过 MyLink MAVLink 收到四路电机PWM数据
11:40:50 [贴顶流程] 待机
11:40:51 [成功] PX4已连接：udp:127.0.0.1:14540 系统ID=1 组件ID=1
11:40:51 [成功] 已保存UDP地址：udp:127.0.0.1:14540
11:40:51 [成功] 本地NED坐标原点=(0.012334990315139294, -0.03543580695986748, -0.11521545052528381)；已启动10 Hz本地位置数据流
11:40:51.621311 [轨迹] 序号=1 单调时间=11282.640318 时间=11282.640 模式=AUTO.RTL 起飞状态=未执行起飞 水平控制=位置保持 类型掩码=3520 实际位置NED=(0.012,-0.035,-0.115) 实际速度=(0.000,0.000,0.003) 最终目标=(0.012,-0.035,-0.115) 指令位置=(0.012,-0.035,-0.115) 指令速度=(0.000,0.000,0.000) 指令加速度=(0.000,0.000,0.000) 滚转角=0.07度 俯仰角=0.11度
11:40:51.724661 [轨迹] 序号=2 单调时间=11282.743999 时间=11282.744 模式=AUTO.RTL 起飞状态=未执行起飞 水平控制=位置保持 类型掩码=3520 实际位置NED=(0.012,-0.035,-0.115) 实际速度=(0.000,0.000,0.002) 最终目标=(0.012,-0.035,-0.115) 指令位置=(0.012,-0.035,-0.115) 指令速度=(0.000,0.000,0.000) 指令加速度=(0.000,0.000,0.000) 滚转角=0.07度 俯仰角=0.11度
11:40:51.827827 [轨迹] 序号=3 单调时间=11282.847251 时间=11282.847 模式=AUTO.RTL 起飞状态=未执行起飞 水平控制=位置保持 类型掩码=3520 实际位置NED=(0.012,-0.035,-0.115) 实际速度=(0.000,0.000,0.002) 最终目标=(0.012,-0.035,-0.115) 指令位置=(0.012,-0.035,-0.115) 指令速度=(0.000,0.000,0.000) 指令加速度=(0.000,0.000,0.000) 滚转角=0.07度 俯仰角=0.11度
11:40:51.931593 [轨迹] 序号=4 单调时间=11282.951031 时间=11282.951 模式=AUTO.RTL 起飞状态=未执行起飞 水平控制=位置保持 类型掩码=3520 实际位置NED=(0.012,-0.035,-0.115) 实际速度=(0.000,-0.000,0.002) 最终目标=(0.012,-0.035,-0.115) 指令位置=(0.012,-0.035,-0.115) 指令速度=(0.000,0.000,0.000) 指令加速度=(0.000,0.000,0.000) 滚转角=0.07度 俯仰角=0.11度
11:40:52.035717 [轨迹] 序号=5 单调时间=11283.054331 时间=11283.054 模式=AUTO.RTL 起飞状态=未执行起飞 水平控制=位置保持 类型掩码=3520 实际位置NED=(0.012,-0.035,-0.115) 实际速度=(0.000,-0.000,0.003) 最终目标=(0.012,-0.035,-0.115) 指令位置=(0.012,-0.035,-0.115) 指令速度=(0.000,0.000,0.000) 指令加速度=(0.000,0.000,0.000) 滚转角=0.07度 俯仰角=0.11度
11:40:52.138755 [轨迹] 序号=6 单调时间=11283.158005 时间=11283.158 模式=AUTO.RTL 起飞状态=未执行起飞 水平控制=位置保持 类型掩码=3520 实际位置NED=(0.012,-0.035,-0.115) 实际速度=(0.000,-0.000,0.002) 最终目标=(0.012,-0.035,-0.115) 指令位置=(0.012,-0.035,-0.115) 指令速度=(0.000,0.000,0.000) 指令加速度=(0.000,0.000,0.000) 滚转角=0.07度 俯仰角=0.11度
11:40:52.242210 [轨迹] 序号=7 单调时间=11283.261413 时间=11283.261 模式=AUTO.RTL 起飞状态=未执行起飞 水平控制=位置保持 类型掩码=3520 实际位置NED=(0.012,-0.035,-0.115) 实际速度=(0.000,-0.000,0.002) 最终目标=(0.012,-0.035,-0.115) 指令位置=(0.012,-0.035,-0.115) 指令速度=(0.000,0.000,0.000) 指令加速度=(0.000,0.000,0.000) 滚转角=0.07度 俯仰角=0.11度
11:40:52.343568 [轨迹] 序号=8 单调时间=11283.362797 时间=11283.363 模式=AUTO.RTL 起飞状态=未执行起飞 水平控制=位置保持 类型掩码=3520 实际位置NED=(0.012,-0.035,-0.115) 实际速度=(0.000,-0.000,0.002) 最终目标=(0.012,-0.035,-0.115) 指令位置=(0.012,-0.035,-0.115) 指令速度=(0.000,0.000,0.000) 指令加速度=(0.000,0.000,0.000) 滚转角=0.07度 俯仰角=0.11度
11:40:52.446745 [轨迹] 序号=9 单调时间=11283.466173 时间=11283.466 模式=AUTO.RTL 起飞状态=未执行起飞 水平控制=位置保持 类型掩码=3520 实际位置NED=(0.012,-0.035,-0.115) 实际速度=(0.000,0.000,0.002) 最终目标=(0.012,-0.035,-0.115) 指令位置=(0.012,-0.035,-0.115) 指令速度=(0.000,0.000,0.000) 指令加速度=(0.000,0.000,0.000) 滚转角=0.07度 俯仰角=0.11度
11:40:52.550228 [轨迹] 序号=10 单调时间=11283.569569 时间=11283.570 模式=AUTO.RTL 起飞状态=未执行起飞 水平控制=位置保持 类型掩码=3520 实际位置NED=(0.012,-0.035,-0.115) 实际速度=(0.000,0.000,0.002) 最终目标=(0.012,-0.035,-0.115) 指令位置=(0.012,-0.035,-0.115) 指令速度=(0.000,0.000,0.000) 指令加速度=(0.000,0.000,0.000) 滚转角=0.07度 俯仰角=0.11度
11:40:52.653980 [轨迹] 序号=11 单调时间=11283.673241 时间=11283.673 模式=AUTO.RTL 起飞状态=未执行起飞 水平控制=位置保持 类型掩码=3520 实际位置NED=(0.012,-0.035,-0.115) 实际速度=(0.000,0.000,0.002) 最终目标=(0.012,-0.035,-0.115) 指令位置=(0.012,-0.035,-0.115) 指令速度=(0.000,0.000,0.000) 指令加速度=(0.000,0.000,0.000) 滚转角=0.07度 俯仰角=0.11度
11:40:52.757148 [轨迹] 序号=12 单调时间=11283.776370 时间=11283.776 模式=AUTO.RTL 起飞状态=未执行起飞 水平控制=位置保持 类型掩码=3520 实际位置NED=(0.012,-0.035,-0.115) 实际速度=(0.000,0.000,0.002) 最终目标=(0.012,-0.035,-0.115) 指令位置=(0.012,-0.035,-0.115) 指令速度=(0.000,0.000,0.000) 指令加速度=(0.000,0.000,0.000) 滚转角=0.07度 俯仰角=0.11度
11:40:52.860788 [轨迹] 序号=13 单调时间=11283.880182 时间=11283.880 模式=AUTO.RTL 起飞状态=未执行起飞 水平控制=位置保持 类型掩码=3520 实际位置NED=(0.012,-0.035,-0.115) 实际速度=(0.000,-0.000,0.002) 最终目标=(0.012,-0.035,-0.115) 指令位置=(0.012,-0.035,-0.115) 指令速度=(0.000,0.000,0.000) 指令加速度=(0.000,0.000,0.000) 滚转角=0.07度 俯仰角=0.11度
11:40:52.964347 [轨迹] 序号=14 单调时间=11283.983696 时间=11283.984 模式=AUTO.RTL 起飞状态=未执行起飞 水平控制=位置保持 类型掩码=3520 实际位置NED=(0.012,-0.035,-0.115) 实际速度=(0.000,-0.000,0.002) 最终目标=(0.012,-0.035,-0.115) 指令位置=(0.012,-0.035,-0.115) 指令速度=(0.000,0.000,0.000) 指令加速度=(0.000,0.000,0.000) 滚转角=0.07度 俯仰角=0.11度
11:40:53.068090 [轨迹] 序号=15 单调时间=11284.087582 时间=11284.088 模式=OFFBOARD 起飞状态=未执行起飞 水平控制=位置保持 类型掩码=3520 实际位置NED=(0.012,-0.035,-0.115) 实际速度=(0.000,-0.000,0.002) 最终目标=(0.012,-0.035,-0.115) 指令位置=(0.012,-0.035,-0.115) 指令速度=(0.000,0.000,0.000) 指令加速度=(0.000,0.000,0.000) 滚转角=0.07度 俯仰角=0.11度
11:40:53.171842 [轨迹] 序号=16 单调时间=11284.191157 时间=11284.191 模式=OFFBOARD 起飞状态=未执行起飞 水平控制=位置保持 类型掩码=3520 实际位置NED=(0.013,-0.035,-0.115) 实际速度=(0.000,-0.000,0.002) 最终目标=(0.012,-0.035,-0.115) 指令位置=(0.012,-0.035,-0.115) 指令速度=(0.000,0.000,0.000) 指令加速度=(0.000,0.000,0.000) 滚转角=0.07度 俯仰角=0.11度
11:40:53 [模式] 已进入OFFBOARD；最终目标和当前指令已锁定到飞机当前位置
11:40:53.275257 [轨迹] 序号=17 单调时间=11284.294528 时间=11284.295 模式=OFFBOARD 起飞状态=未执行起飞 水平控制=位置保持 类型掩码=3520 实际位置NED=(0.013,-0.035,-0.115) 实际速度=(0.000,0.000,0.002) 最终目标=(0.013,-0.035,-0.115) 指令位置=(0.013,-0.035,-0.115) 指令速度=(0.000,0.000,0.000) 指令加速度=(0.000,0.000,0.000) 滚转角=0.07度 俯仰角=0.11度
11:40:53.378747 [轨迹] 序号=18 单调时间=11284.397973 时间=11284.398 模式=OFFBOARD 起飞状态=未执行起飞 水平控制=位置保持 类型掩码=3520 实际位置NED=(0.013,-0.035,-0.115) 实际速度=(0.000,-0.000,0.002) 最终目标=(0.013,-0.035,-0.115) 指令位置=(0.013,-0.035,-0.115) 指令速度=(0.000,0.000,0.000) 指令加速度=(0.000,0.000,0.000) 滚转角=0.07度 俯仰角=0.11度
11:40:53 [输入] 已按下一次起飞按钮
11:40:53 [目标] 修改前：北=0.013 东=-0.035 下=-0.115
11:40:53 [目标] 修改后：北=0.013 东=-0.035 下=-1.115
11:40:53 [起飞] 起始下轴位置=-0.115 离地阶段下轴目标=-0.465 最终下轴目标=-1.115；水平位置已锁定到当前位置
11:40:53.482496 [轨迹] 序号=19 单调时间=11284.501810 时间=11284.502 模式=OFFBOARD 起飞状态=离地阶段 水平控制=位置保持 类型掩码=2496 实际位置NED=(0.013,-0.035,-0.115) 实际速度=(0.000,-0.000,0.002) 最终目标=(0.013,-0.035,-1.115) 指令位置=(0.013,-0.035,-0.123) 指令速度=(0.000,0.000,-0.075) 指令加速度=(0.000,0.000,-0.750) 滚转角=0.07度 俯仰角=0.11度
11:40:53.586471 [轨迹] 序号=20 单调时间=11284.605771 时间=11284.606 模式=OFFBOARD 起飞状态=离地阶段 水平控制=位置保持 类型掩码=2496 实际位置NED=(0.013,-0.035,-0.115) 实际速度=(0.000,-0.000,0.002) 最终目标=(0.013,-0.035,-1.115) 指令位置=(0.013,-0.035,-0.139) 指令速度=(0.000,0.000,-0.153) 指令加速度=(0.000,0.000,-0.750) 滚转角=0.07度 俯仰角=0.11度
11:40:53.690088 [轨迹] 序号=21 单调时间=11284.709468 时间=11284.709 模式=OFFBOARD 起飞状态=离地阶段 水平控制=位置保持 类型掩码=2496 实际位置NED=(0.013,-0.035,-0.116) 实际速度=(0.000,-0.000,0.001) 最终目标=(0.013,-0.035,-1.115) 指令位置=(0.013,-0.035,-0.163) 指令速度=(0.000,0.000,-0.231) 指令加速度=(0.000,0.000,-0.750) 滚转角=0.07度 俯仰角=0.11度
11:40:53.793277 [轨迹] 序号=22 单调时间=11284.812576 时间=11284.813 模式=OFFBOARD 起飞状态=离地阶段 水平控制=位置保持 类型掩码=2496 实际位置NED=(0.013,-0.036,-0.116) 实际速度=(0.000,-0.000,0.001) 最终目标=(0.013,-0.035,-1.115) 指令位置=(0.013,-0.035,-0.194) 指令速度=(0.000,0.000,-0.308) 指令加速度=(0.000,0.000,-0.750) 滚转角=0.07度 俯仰角=0.11度
11:40:53.896362 [轨迹] 序号=23 单调时间=11284.915715 时间=11284.916 模式=OFFBOARD 起飞状态=离地阶段 水平控制=位置保持 类型掩码=2496 实际位置NED=(0.013,-0.036,-0.116) 实际速度=(0.000,-0.000,0.001) 最终目标=(0.013,-0.035,-1.115) 指令位置=(0.013,-0.035,-0.234) 指令速度=(0.000,0.000,-0.385) 指令加速度=(0.000,0.000,-0.750) 滚转角=0.07度 俯仰角=0.11度
11:40:53.999621 [轨迹] 序号=24 单调时间=11285.018839 时间=11285.019 模式=OFFBOARD 起飞状态=离地阶段 水平控制=位置保持 类型掩码=2496 实际位置NED=(0.013,-0.036,-0.116) 实际速度=(0.000,-0.000,0.001) 最终目标=(0.013,-0.035,-1.115) 指令位置=(0.013,-0.035,-0.282) 指令速度=(0.000,0.000,-0.463) 指令加速度=(0.000,0.000,-0.750) 滚转角=0.07度 俯仰角=0.11度
11:40:54.102755 [轨迹] 序号=25 单调时间=11285.122111 时间=11285.122 模式=OFFBOARD 起飞状态=离地阶段 水平控制=位置保持 类型掩码=2496 实际位置NED=(0.013,-0.036,-0.116) 实际速度=(0.000,-0.000,0.001) 最终目标=(0.013,-0.035,-1.115) 指令位置=(0.013,-0.035,-0.334) 指令速度=(0.000,0.000,-0.500) 指令加速度=(0.000,0.000,-0.360) 滚转角=0.07度 俯仰角=0.11度
11:40:54.206240 [轨迹] 序号=26 单调时间=11285.225550 时间=11285.226 模式=OFFBOARD 起飞状态=离地阶段 水平控制=位置保持 类型掩码=2496 实际位置NED=(0.013,-0.036,-0.118) 实际速度=(0.000,-0.000,0.001) 最终目标=(0.013,-0.035,-1.115) 指令位置=(0.013,-0.035,-0.385) 指令速度=(0.000,0.000,-0.500) 指令加速度=(0.000,0.000,0.000) 滚转角=0.07度 俯仰角=0.11度
11:40:54.309260 [轨迹] 序号=27 单调时间=11285.328685 时间=11285.329 模式=OFFBOARD 起飞状态=离地阶段 水平控制=位置保持 类型掩码=2496 实际位置NED=(0.013,-0.036,-0.133) 实际速度=(0.000,-0.000,-0.003) 最终目标=(0.013,-0.035,-1.115) 指令位置=(0.013,-0.035,-0.437) 指令速度=(0.000,0.000,-0.500) 指令加速度=(0.000,0.000,0.000) 滚转角=0.07度 俯仰角=0.11度
11:40:54.413401 [轨迹] 序号=28 单调时间=11285.432623 时间=11285.433 模式=OFFBOARD 起飞状态=离地阶段 水平控制=位置保持 类型掩码=2496 实际位置NED=(0.013,-0.036,-0.140) 实际速度=(0.000,-0.000,-0.005) 最终目标=(0.013,-0.035,-1.115) 指令位置=(0.013,-0.035,-0.489) 指令速度=(0.000,0.000,-0.500) 指令加速度=(0.000,0.000,0.000) 滚转角=0.07度 俯仰角=0.11度
11:40:54.517251 [轨迹] 序号=29 单调时间=11285.536584 时间=11285.537 模式=OFFBOARD 起飞状态=爬升阶段 水平控制=位置保持 类型掩码=2496 实际位置NED=(0.013,-0.036,-0.148) 实际速度=(0.000,0.000,-0.007) 最终目标=(0.013,-0.035,-1.115) 指令位置=(0.013,-0.035,-0.538) 指令速度=(0.000,0.000,-0.469) 指令加速度=(0.000,0.000,0.300) 滚转角=0.07度 俯仰角=0.11度
11:40:54.620540 [轨迹] 序号=30 单调时间=11285.639903 时间=11285.640 模式=OFFBOARD 起飞状态=爬升阶段 水平控制=位置保持 类型掩码=2496 实际位置NED=(0.013,-0.036,-0.157) 实际速度=(0.000,0.000,-0.009) 最终目标=(0.013,-0.035,-1.115) 指令位置=(0.013,-0.035,-0.583) 指令速度=(0.000,0.000,-0.438) 指令加速度=(0.000,0.000,0.300) 滚转角=0.07度 俯仰角=0.11度
11:40:54.724396 [轨迹] 序号=31 单调时间=11285.743557 时间=11285.744 模式=OFFBOARD 起飞状态=爬升阶段 水平控制=位置保持 类型掩码=2496 实际位置NED=(0.013,-0.036,-0.172) 实际速度=(0.000,0.000,-0.013) 最终目标=(0.013,-0.035,-1.115) 指令位置=(0.013,-0.035,-0.625) 指令速度=(0.000,0.000,-0.407) 指令加速度=(0.000,0.000,0.300) 滚转角=0.07度 俯仰角=0.11度
11:40:54.827853 [轨迹] 序号=32 单调时间=11285.847090 时间=11285.847 模式=OFFBOARD 起飞状态=爬升阶段 水平控制=位置保持 类型掩码=2496 实际位置NED=(0.013,-0.036,-0.182) 实际速度=(0.000,0.000,-0.016) 最终目标=(0.013,-0.035,-1.115) 指令位置=(0.013,-0.035,-0.664) 指令速度=(0.000,0.000,-0.376) 指令加速度=(0.000,0.000,0.300) 滚转角=0.07度 俯仰角=0.11度
11:40:54.931312 [轨迹] 序号=33 单调时间=11285.950602 时间=11285.951 模式=OFFBOARD 起飞状态=爬升阶段 水平控制=位置保持 类型掩码=2496 实际位置NED=(0.013,-0.036,-0.189) 实际速度=(0.000,0.000,-0.017) 最终目标=(0.013,-0.035,-1.115) 指令位置=(0.013,-0.035,-0.700) 指令速度=(0.000,0.000,-0.345) 指令加速度=(0.000,0.000,0.300) 滚转角=0.07度 俯仰角=0.11度
11:40:55.036050 [轨迹] 序号=34 单调时间=11286.055382 时间=11286.055 模式=OFFBOARD 起飞状态=爬升阶段 水平控制=位置保持 类型掩码=2496 实际位置NED=(0.013,-0.036,-0.196) 实际速度=(0.000,0.000,-0.019) 最终目标=(0.013,-0.035,-1.115) 指令位置=(0.013,-0.035,-0.732) 指令速度=(0.000,0.000,-0.313) 指令加速度=(0.000,0.000,0.300) 滚转角=0.07度 俯仰角=0.11度
11:40:55.139798 [轨迹] 序号=35 单调时间=11286.159329 时间=11286.159 模式=OFFBOARD 起飞状态=爬升阶段 水平控制=位置保持 类型掩码=2496 实际位置NED=(0.013,-0.036,-0.202) 实际速度=(-0.000,0.000,-0.021) 最终目标=(0.013,-0.035,-1.115) 指令位置=(0.013,-0.035,-0.764) 指令速度=(0.000,0.000,-0.300) 指令加速度=(0.000,0.000,0.127) 滚转角=0.07度 俯仰角=0.11度
11:40:55.243367 [轨迹] 序号=36 单调时间=11286.262652 时间=11286.263 模式=OFFBOARD 起飞状态=爬升阶段 水平控制=位置保持 类型掩码=2496 实际位置NED=(0.013,-0.036,-0.214) 实际速度=(-0.000,0.000,-0.025) 最终目标=(0.013,-0.035,-1.115) 指令位置=(0.013,-0.035,-0.795) 指令速度=(0.000,0.000,-0.300) 指令加速度=(0.000,0.000,0.000) 滚转角=0.07度 俯仰角=0.11度
11:40:55.346662 [轨迹] 序号=37 单调时间=11286.365948 时间=11286.366 模式=OFFBOARD 起飞状态=爬升阶段 水平控制=位置保持 类型掩码=2496 实际位置NED=(0.013,-0.036,-0.221) 实际速度=(-0.000,0.000,-0.027) 最终目标=(0.013,-0.035,-1.115) 指令位置=(0.013,-0.035,-0.825) 指令速度=(0.000,0.000,-0.300) 指令加速度=(0.000,0.000,0.000) 滚转角=0.07度 俯仰角=0.11度
11:40:55.449673 [轨迹] 序号=38 单调时间=11286.469040 时间=11286.469 模式=OFFBOARD 起飞状态=爬升阶段 水平控制=位置保持 类型掩码=2496 实际位置NED=(0.013,-0.036,-0.226) 实际速度=(-0.000,0.000,-0.028) 最终目标=(0.013,-0.035,-1.115) 指令位置=(0.013,-0.035,-0.856) 指令速度=(0.000,0.000,-0.300) 指令加速度=(0.000,0.000,0.000) 滚转角=0.07度 俯仰角=0.11度
11:40:55.552924 [轨迹] 序号=39 单调时间=11286.572366 时间=11286.572 模式=OFFBOARD 起飞状态=爬升阶段 水平控制=位置保持 类型掩码=2496 实际位置NED=(0.013,-0.036,-0.236) 实际速度=(-0.000,0.000,-0.031) 最终目标=(0.013,-0.035,-1.115) 指令位置=(0.013,-0.035,-0.887) 指令速度=(0.000,0.000,-0.300) 指令加速度=(0.000,0.000,0.000) 滚转角=0.07度 俯仰角=0.11度
11:40:55.656812 [轨迹] 序号=40 单调时间=11286.676045 时间=11286.676 模式=OFFBOARD 起飞状态=爬升阶段 水平控制=位置保持 类型掩码=2496 实际位置NED=(0.013,-0.036,-0.240) 实际速度=(-0.001,0.000,-0.032) 最终目标=(0.013,-0.035,-1.115) 指令位置=(0.013,-0.035,-0.919) 指令速度=(0.000,0.000,-0.300) 指令加速度=(0.000,0.000,0.000) 滚转角=0.07度 俯仰角=0.11度
11:40:55.760482 [轨迹] 序号=41 单调时间=11286.779550 时间=11286.780 模式=OFFBOARD 起飞状态=爬升阶段 水平控制=位置保持 类型掩码=2496 实际位置NED=(0.013,-0.036,-0.244) 实际速度=(-0.001,0.000,-0.033) 最终目标=(0.013,-0.035,-1.115) 指令位置=(0.013,-0.035,-0.948) 指令速度=(0.000,0.000,-0.282) 指令加速度=(0.000,0.000,0.178) 滚转角=0.07度 俯仰角=0.11度
11:40:55.863712 [轨迹] 序号=42 单调时间=11286.882976 时间=11286.883 模式=OFFBOARD 起飞状态=爬升阶段 水平控制=位置保持 类型掩码=2496 实际位置NED=(0.013,-0.036,-0.249) 实际速度=(-0.001,0.000,-0.034) 最终目标=(0.013,-0.035,-1.115) 指令位置=(0.013,-0.035,-0.974) 指令速度=(0.000,0.000,-0.255) 指令加速度=(0.000,0.000,0.255) 滚转角=0.07度 俯仰角=0.11度
11:40:55.964315 [轨迹] 序号=43 单调时间=11286.983626 时间=11286.984 模式=OFFBOARD 起飞状态=减速阶段 水平控制=位置保持 类型掩码=2496 实际位置NED=(0.013,-0.036,-0.256) 实际速度=(-0.001,-0.000,-0.036) 最终目标=(0.013,-0.035,-1.115) 指令位置=(0.013,-0.035,-0.997) 指令速度=(0.000,0.000,-0.231) 指令加速度=(0.000,0.000,0.242) 滚转角=0.08度 俯仰角=0.11度
11:40:56.078734 [轨迹] 序号=44 单调时间=11287.097483 时间=11287.097 模式=OFFBOARD 起飞状态=减速阶段 水平控制=位置保持 类型掩码=2496 实际位置NED=(0.013,-0.036,-0.256) 实际速度=(-0.001,-0.000,-0.036) 最终目标=(0.013,-0.035,-1.115) 指令位置=(0.013,-0.035,-1.020) 指令速度=(0.000,0.000,-0.198) 指令加速度=(0.000,0.000,0.289) 滚转角=0.08度 俯仰角=0.11度
11:40:56.179326 [轨迹] 序号=45 单调时间=11287.198660 时间=11287.199 模式=OFFBOARD 起飞状态=减速阶段 水平控制=位置保持 类型掩码=2496 实际位置NED=(0.013,-0.036,-0.259) 实际速度=(-0.001,-0.000,-0.036) 最终目标=(0.013,-0.035,-1.115) 指令位置=(0.013,-0.035,-1.038) 指令速度=(0.000,0.000,-0.179) 指令加速度=(0.000,0.000,0.189) 滚转角=0.08度 俯仰角=0.11度
11:40:56.283792 [轨迹] 序号=46 单调时间=11287.303172 时间=11287.303 模式=OFFBOARD 起飞状态=减速阶段 水平控制=位置保持 类型掩码=2496 实际位置NED=(0.012,-0.036,-0.262) 实际速度=(-0.001,-0.000,-0.037) 最终目标=(0.013,-0.035,-1.115) 指令位置=(0.013,-0.035,-1.054) 指令速度=(0.000,0.000,-0.153) 指令加速度=(0.000,0.000,0.247) 滚转角=0.08度 俯仰角=0.11度
11:40:56.387491 [轨迹] 序号=47 单调时间=11287.406814 时间=11287.407 模式=OFFBOARD 起飞状态=减速阶段 水平控制=位置保持 类型掩码=2496 实际位置NED=(0.012,-0.036,-0.264) 实际速度=(-0.001,-0.000,-0.037) 最终目标=(0.013,-0.035,-1.115) 指令位置=(0.013,-0.035,-1.067) 指令速度=(0.000,0.000,-0.130) 指令加速度=(0.000,0.000,0.222) 滚转角=0.08度 俯仰角=0.11度
11:40:56.490801 [轨迹] 序号=48 单调时间=11287.510044 时间=11287.510 模式=OFFBOARD 起飞状态=减速阶段 水平控制=位置保持 类型掩码=2496 实际位置NED=(0.012,-0.036,-0.268) 实际速度=(-0.001,-0.001,-0.038) 最终目标=(0.013,-0.035,-1.115) 指令位置=(0.013,-0.035,-1.078) 指令速度=(0.000,0.000,-0.108) 指令加速度=(0.000,0.000,0.214) 滚转角=0.08度 俯仰角=0.11度
11:40:56.594785 [轨迹] 序号=49 单调时间=11287.614123 时间=11287.614 模式=OFFBOARD 起飞状态=减速阶段 水平控制=位置保持 类型掩码=2496 实际位置NED=(0.012,-0.036,-0.272) 实际速度=(-0.001,-0.001,-0.038) 最终目标=(0.013,-0.035,-1.115) 指令位置=(0.013,-0.035,-1.087) 指令速度=(0.000,0.000,-0.086) 指令加速度=(0.000,0.000,0.206) 滚转角=0.08度 俯仰角=0.11度
11:40:56.698224 [轨迹] 序号=50 单调时间=11287.717496 时间=11287.717 模式=OFFBOARD 起飞状态=减速阶段 水平控制=位置保持 类型掩码=2496 实际位置NED=(0.012,-0.036,-0.274) 实际速度=(-0.001,-0.001,-0.038) 最终目标=(0.013,-0.035,-1.115) 指令位置=(0.013,-0.035,-1.094) 指令速度=(0.000,0.000,-0.067) 指令加速度=(0.000,0.000,0.183) 滚转角=0.08度 俯仰角=0.11度
11:40:56.801171 [轨迹] 序号=51 单调时间=11287.820655 时间=11287.821 模式=OFFBOARD 起飞状态=减速阶段 水平控制=位置保持 类型掩码=2496 实际位置NED=(0.012,-0.036,-0.276) 实际速度=(-0.001,-0.001,-0.038) 最终目标=(0.013,-0.035,-1.115) 指令位置=(0.013,-0.035,-1.100) 指令速度=(0.000,0.000,-0.050) 指令加速度=(0.000,0.000,0.167) 滚转角=0.08度 俯仰角=0.11度
11:40:56.904229 [轨迹] 序号=52 单调时间=11287.923632 时间=11287.924 模式=OFFBOARD 起飞状态=减速阶段 水平控制=位置保持 类型掩码=2496 实际位置NED=(0.013,-0.036,-0.277) 实际速度=(-0.001,-0.001,-0.038) 最终目标=(0.013,-0.035,-1.115) 指令位置=(0.013,-0.035,-1.103) 指令速度=(0.000,0.000,-0.035) 指令加速度=(0.000,0.000,0.143) 滚转角=0.08度 俯仰角=0.11度
11:40:57.008537 [轨迹] 序号=53 单调时间=11288.027923 时间=11288.028 模式=OFFBOARD 起飞状态=高度保持 水平控制=位置保持 类型掩码=2496 实际位置NED=(0.013,-0.037,-0.279) 实际速度=(-0.001,-0.001,-0.038) 最终目标=(0.013,-0.035,-1.115) 指令位置=(0.013,-0.035,-1.115) 指令速度=(0.000,0.000,0.000) 指令加速度=(0.000,0.000,0.340) 滚转角=0.08度 俯仰角=0.11度
11:40:57.112005 [轨迹] 序号=54 单调时间=11288.131172 时间=11288.131 模式=OFFBOARD 起飞状态=高度保持 水平控制=位置保持 类型掩码=2496 实际位置NED=(0.013,-0.037,-0.282) 实际速度=(-0.001,-0.001,-0.037) 最终目标=(0.013,-0.035,-1.115) 指令位置=(0.013,-0.035,-1.115) 指令速度=(0.000,0.000,0.000) 指令加速度=(0.000,0.000,0.000) 滚转角=0.08度 俯仰角=0.11度
11:40:57.215424 [轨迹] 序号=55 单调时间=11288.234870 时间=11288.235 模式=OFFBOARD 起飞状态=高度保持 水平控制=位置保持 类型掩码=2496 实际位置NED=(0.013,-0.037,-0.283) 实际速度=(-0.001,-0.001,-0.037) 最终目标=(0.013,-0.035,-1.115) 指令位置=(0.013,-0.035,-1.115) 指令速度=(0.000,0.000,0.000) 指令加速度=(0.000,0.000,0.000) 滚转角=0.08度 俯仰角=0.11度
11:40:57.318843 [轨迹] 序号=56 单调时间=11288.337998 时间=11288.338 模式=OFFBOARD 起飞状态=高度保持 水平控制=位置保持 类型掩码=2496 实际位置NED=(0.013,-0.037,-0.284) 实际速度=(-0.000,-0.001,-0.037) 最终目标=(0.013,-0.035,-1.115) 指令位置=(0.013,-0.035,-1.115) 指令速度=(0.000,0.000,0.000) 指令加速度=(0.000,0.000,0.000) 滚转角=0.08度 俯仰角=0.11度
11:40:57.422378 [轨迹] 序号=57 单调时间=11288.441689 时间=11288.442 模式=OFFBOARD 起飞状态=高度保持 水平控制=位置保持 类型掩码=2496 实际位置NED=(0.013,-0.037,-0.285) 实际速度=(-0.000,-0.001,-0.036) 最终目标=(0.013,-0.035,-1.115) 指令位置=(0.013,-0.035,-1.115) 指令速度=(0.000,0.000,0.000) 指令加速度=(0.000,0.000,0.000) 滚转角=0.08度 俯仰角=0.11度
11:40:57.525673 [轨迹] 序号=58 单调时间=11288.545101 时间=11288.545 模式=OFFBOARD 起飞状态=高度保持 水平控制=位置保持 类型掩码=2496 实际位置NED=(0.013,-0.037,-0.286) 实际速度=(-0.000,-0.001,-0.035) 最终目标=(0.013,-0.035,-1.115) 指令位置=(0.013,-0.035,-1.115) 指令速度=(0.000,0.000,0.000) 指令加速度=(0.000,0.000,0.000) 滚转角=0.08度 俯仰角=0.11度
11:40:57.629454 [轨迹] 序号=59 单调时间=11288.648766 时间=11288.649 模式=OFFBOARD 起飞状态=高度保持 水平控制=位置保持 类型掩码=2496 实际位置NED=(0.013,-0.038,-0.286) 实际速度=(-0.000,-0.001,-0.034) 最终目标=(0.013,-0.035,-1.115) 指令位置=(0.013,-0.035,-1.115) 指令速度=(0.000,0.000,0.000) 指令加速度=(0.000,0.000,0.000) 滚转角=0.08度 俯仰角=0.11度
11:40:57.732848 [轨迹] 序号=60 单调时间=11288.752180 时间=11288.752 模式=OFFBOARD 起飞状态=高度保持 水平控制=位置保持 类型掩码=2496 实际位置NED=(0.013,-0.038,-0.287) 实际速度=(-0.000,-0.002,-0.034) 最终目标=(0.013,-0.035,-1.115) 指令位置=(0.013,-0.035,-1.115) 指令速度=(0.000,0.000,0.000) 指令加速度=(0.000,0.000,0.000) 滚转角=0.08度 俯仰角=0.11度
11:40:57.836302 [轨迹] 序号=61 单调时间=11288.855612 时间=11288.856 模式=OFFBOARD 起飞状态=高度保持 水平控制=位置保持 类型掩码=2496 实际位置NED=(0.014,-0.038,-0.287) 实际速度=(0.000,-0.002,-0.032) 最终目标=(0.013,-0.035,-1.115) 指令位置=(0.013,-0.035,-1.115) 指令速度=(0.000,0.000,0.000) 指令加速度=(0.000,0.000,0.000) 滚转角=0.07度 俯仰角=0.11度
11:40:57.940803 [轨迹] 序号=62 单调时间=11288.960177 时间=11288.960 模式=OFFBOARD 起飞状态=高度保持 水平控制=位置保持 类型掩码=2496 实际位置NED=(0.014,-0.038,-0.287) 实际速度=(0.000,-0.002,-0.031) 最终目标=(0.013,-0.035,-1.115) 指令位置=(0.013,-0.035,-1.115) 指令速度=(0.000,0.000,0.000) 指令加速度=(0.000,0.000,0.000) 滚转角=0.07度 俯仰角=0.11度
11:40:58.042633 [轨迹] 序号=63 单调时间=11289.061929 时间=11289.062 模式=OFFBOARD 起飞状态=高度保持 水平控制=位置保持 类型掩码=2496 实际位置NED=(0.014,-0.038,-0.287) 实际速度=(0.000,-0.002,-0.030) 最终目标=(0.013,-0.035,-1.115) 指令位置=(0.013,-0.035,-1.115) 指令速度=(0.000,0.000,0.000) 指令加速度=(0.000,0.000,0.000) 滚转角=0.07度 俯仰角=0.11度
11:40:58.145845 [轨迹] 序号=64 单调时间=11289.165141 时间=11289.165 模式=OFFBOARD 起飞状态=高度保持 水平控制=位置保持 类型掩码=2496 实际位置NED=(0.014,-0.038,-0.287) 实际速度=(0.000,-0.002,-0.029) 最终目标=(0.013,-0.035,-1.115) 指令位置=(0.013,-0.035,-1.115) 指令速度=(0.000,0.000,0.000) 指令加速度=(0.000,0.000,0.000) 滚转角=0.07度 俯仰角=0.11度
11:40:58.249071 [轨迹] 序号=65 单调时间=11289.268354 时间=11289.268 模式=OFFBOARD 起飞状态=高度保持 水平控制=位置保持 类型掩码=2496 实际位置NED=(0.014,-0.038,-0.287) 实际速度=(0.000,-0.002,-0.029) 最终目标=(0.013,-0.035,-1.115) 指令位置=(0.013,-0.035,-1.115) 指令速度=(0.000,0.000,0.000) 指令加速度=(0.000,0.000,0.000) 滚转角=0.07度 俯仰角=0.11度
11:40:58.352530 [轨迹] 序号=66 单调时间=11289.371706 时间=11289.372 模式=OFFBOARD 起飞状态=高度保持 水平控制=位置保持 类型掩码=2496 实际位置NED=(0.014,-0.039,-0.287) 实际速度=(0.000,-0.002,-0.028) 最终目标=(0.013,-0.035,-1.115) 指令位置=(0.013,-0.035,-1.115) 指令速度=(0.000,0.000,0.000) 指令加速度=(0.000,0.000,0.000) 滚转角=0.07度 俯仰角=0.11度
11:40:58.455920 [轨迹] 序号=67 单调时间=11289.475239 时间=11289.475 模式=OFFBOARD 起飞状态=高度保持 水平控制=位置保持 类型掩码=2496 实际位置NED=(0.014,-0.039,-0.286) 实际速度=(0.000,-0.002,-0.026) 最终目标=(0.013,-0.035,-1.115) 指令位置=(0.013,-0.035,-1.115) 指令速度=(0.000,0.000,0.000) 指令加速度=(0.000,0.000,0.000) 滚转角=0.07度 俯仰角=0.11度
11:40:58.559117 [轨迹] 序号=68 单调时间=11289.578478 时间=11289.578 模式=OFFBOARD 起飞状态=高度保持 水平控制=位置保持 类型掩码=2496 实际位置NED=(0.014,-0.039,-0.286) 实际速度=(-0.000,-0.002,-0.025) 最终目标=(0.013,-0.035,-1.115) 指令位置=(0.013,-0.035,-1.115) 指令速度=(0.000,0.000,0.000) 指令加速度=(0.000,0.000,0.000) 滚转角=0.07度 俯仰角=0.11度
11:40:58.662440 [轨迹] 序号=69 单调时间=11289.681787 时间=11289.682 模式=OFFBOARD 起飞状态=高度保持 水平控制=位置保持 类型掩码=2496 实际位置NED=(0.014,-0.039,-0.285) 实际速度=(-0.000,-0.003,-0.024) 最终目标=(0.013,-0.035,-1.115) 指令位置=(0.013,-0.035,-1.115) 指令速度=(0.000,0.000,0.000) 指令加速度=(0.000,0.000,0.000) 滚转角=0.07度 俯仰角=0.11度
11:40:58.765956 [轨迹] 序号=70 单调时间=11289.785245 时间=11289.785 模式=OFFBOARD 起飞状态=高度保持 水平控制=位置保持 类型掩码=2496 实际位置NED=(0.014,-0.039,-0.285) 实际速度=(-0.001,-0.003,-0.023) 最终目标=(0.013,-0.035,-1.115) 指令位置=(0.013,-0.035,-1.115) 指令速度=(0.000,0.000,0.000) 指令加速度=(0.000,0.000,0.000) 滚转角=0.07度 俯仰角=0.11度
11:40:58.869701 [轨迹] 序号=71 单调时间=11289.888960 时间=11289.889 模式=OFFBOARD 起飞状态=高度保持 水平控制=位置保持 类型掩码=2496 实际位置NED=(0.013,-0.040,-0.284) 实际速度=(-0.001,-0.003,-0.021) 最终目标=(0.013,-0.035,-1.115) 指令位置=(0.013,-0.035,-1.115) 指令速度=(0.000,0.000,0.000) 指令加速度=(0.000,0.000,0.000) 滚转角=0.08度 俯仰角=0.11度
11:40:58.972767 [轨迹] 序号=72 单调时间=11289.992098 时间=11289.992 模式=OFFBOARD 起飞状态=高度保持 水平控制=位置保持 类型掩码=2496 实际位置NED=(0.013,-0.040,-0.283) 实际速度=(-0.001,-0.003,-0.021) 最终目标=(0.013,-0.035,-1.115) 指令位置=(0.013,-0.035,-1.115) 指令速度=(0.000,0.000,0.000) 指令加速度=(0.000,0.000,0.000) 滚转角=0.08度 俯仰角=0.11度
11:40:59.077020 [轨迹] 序号=73 单调时间=11290.096350 时间=11290.096 模式=OFFBOARD 起飞状态=高度保持 水平控制=位置保持 类型掩码=2496 实际位置NED=(0.013,-0.040,-0.283) 实际速度=(-0.001,-0.003,-0.020) 最终目标=(0.013,-0.035,-1.115) 指令位置=(0.013,-0.035,-1.115) 指令速度=(0.000,0.000,0.000) 指令加速度=(0.000,0.000,0.000) 滚转角=0.08度 俯仰角=0.11度
11:40:59.180817 [轨迹] 序号=74 单调时间=11290.200066 时间=11290.200 模式=OFFBOARD 起飞状态=高度保持 水平控制=位置保持 类型掩码=2496 实际位置NED=(0.013,-0.040,-0.282) 实际速度=(-0.001,-0.003,-0.019) 最终目标=(0.013,-0.035,-1.115) 指令位置=(0.013,-0.035,-1.115) 指令速度=(0.000,0.000,0.000) 指令加速度=(0.000,0.000,0.000) 滚转角=0.08度 俯仰角=0.11度
11:40:59.284581 [轨迹] 序号=75 单调时间=11290.303694 时间=11290.304 模式=OFFBOARD 起飞状态=高度保持 水平控制=位置保持 类型掩码=2496 实际位置NED=(0.013,-0.040,-0.282) 实际速度=(-0.001,-0.003,-0.018) 最终目标=(0.013,-0.035,-1.115) 指令位置=(0.013,-0.035,-1.115) 指令速度=(0.000,0.000,0.000) 指令加速度=(0.000,0.000,0.000) 滚转角=0.08度 俯仰角=0.11度
11:40:59.387851 [轨迹] 序号=76 单调时间=11290.407393 时间=11290.407 模式=OFFBOARD 起飞状态=高度保持 水平控制=位置保持 类型掩码=2496 实际位置NED=(0.013,-0.040,-0.280) 实际速度=(-0.001,-0.003,-0.016) 最终目标=(0.013,-0.035,-1.115) 指令位置=(0.013,-0.035,-1.115) 指令速度=(0.000,0.000,0.000) 指令加速度=(0.000,0.000,0.000) 滚转角=0.08度 俯仰角=0.11度
11:40:59.490931 [轨迹] 序号=77 单调时间=11290.510129 时间=11290.510 模式=OFFBOARD 起飞状态=高度保持 水平控制=位置保持 类型掩码=2496 实际位置NED=(0.013,-0.040,-0.280) 实际速度=(-0.001,-0.002,-0.015) 最终目标=(0.013,-0.035,-1.115) 指令位置=(0.013,-0.035,-1.115) 指令速度=(0.000,0.000,0.000) 指令加速度=(0.000,0.000,0.000) 滚转角=0.08度 俯仰角=0.11度
11:40:59.594321 [轨迹] 序号=78 单调时间=11290.613638 时间=11290.614 模式=OFFBOARD 起飞状态=高度保持 水平控制=位置保持 类型掩码=2496 实际位置NED=(0.014,-0.040,-0.279) 实际速度=(-0.001,-0.002,-0.015) 最终目标=(0.013,-0.035,-1.115) 指令位置=(0.013,-0.035,-1.115) 指令速度=(0.000,0.000,0.000) 指令加速度=(0.000,0.000,0.000) 滚转角=0.07度 俯仰角=0.11度
11:40:59.697886 [轨迹] 序号=79 单调时间=11290.717133 时间=11290.717 模式=OFFBOARD 起飞状态=高度保持 水平控制=位置保持 类型掩码=2496 实际位置NED=(0.014,-0.039,-0.278) 实际速度=(-0.001,-0.001,-0.014) 最终目标=(0.013,-0.035,-1.115) 指令位置=(0.013,-0.035,-1.115) 指令速度=(0.000,0.000,0.000) 指令加速度=(0.000,0.000,0.000) 滚转角=0.07度 俯仰角=0.11度
11:40:59.801007 [轨迹] 序号=80 单调时间=11290.820410 时间=11290.820 模式=OFFBOARD 起飞状态=高度保持 水平控制=位置保持 类型掩码=2496 实际位置NED=(0.014,-0.039,-0.278) 实际速度=(-0.001,0.001,-0.014) 最终目标=(0.013,-0.035,-1.115) 指令位置=(0.013,-0.035,-1.115) 指令速度=(0.000,0.000,0.000) 指令加速度=(0.000,0.000,0.000) 滚转角=0.07度 俯仰角=0.08度
11:40:59.904875 [轨迹] 序号=81 单调时间=11290.924345 时间=11290.924 模式=OFFBOARD 起飞状态=高度保持 水平控制=位置保持 类型掩码=2496 实际位置NED=(0.014,-0.038,-0.276) 实际速度=(-0.000,0.004,-0.017) 最终目标=(0.013,-0.035,-1.115) 指令位置=(0.013,-0.035,-1.115) 指令速度=(0.000,0.000,0.000) 指令加速度=(0.000,0.000,0.000) 滚转角=0.07度 俯仰角=0.00度
11:41:00.007965 [轨迹] 序号=82 单调时间=11291.027284 时间=11291.027 模式=OFFBOARD 起飞状态=高度保持 水平控制=位置保持 类型掩码=2496 实际位置NED=(0.014,-0.038,-0.276) 实际速度=(-0.000,0.005,-0.023) 最终目标=(0.013,-0.035,-1.115) 指令位置=(0.013,-0.035,-1.115) 指令速度=(0.000,0.000,0.000) 指令加速度=(0.000,0.000,0.000) 滚转角=0.04度 俯仰角=-0.09度
11:41:00.111202 [轨迹] 序号=83 单调时间=11291.130457 时间=11291.130 模式=OFFBOARD 起飞状态=高度保持 水平控制=位置保持 类型掩码=2496 实际位置NED=(0.014,-0.038,-0.276) 实际速度=(0.000,0.006,-0.029) 最终目标=(0.013,-0.035,-1.115) 指令位置=(0.013,-0.035,-1.115) 指令速度=(0.000,0.000,0.000) 指令加速度=(0.000,0.000,0.000) 滚转角=0.01度 俯仰角=-0.15度
11:41:00.211207 [轨迹] 序号=84 单调时间=11291.230470 时间=11291.230 模式=OFFBOARD 起飞状态=高度保持 水平控制=位置保持 类型掩码=2496 实际位置NED=(0.014,-0.037,-0.276) 实际速度=(0.000,0.008,-0.037) 最终目标=(0.013,-0.035,-1.115) 指令位置=(0.013,-0.035,-1.115) 指令速度=(0.000,0.000,0.000) 指令加速度=(0.000,0.000,0.000) 滚转角=-0.02度 俯仰角=-0.22度
11:41:00.314757 [轨迹] 序号=85 单调时间=11291.334061 时间=11291.334 模式=OFFBOARD 起飞状态=高度保持 水平控制=位置保持 类型掩码=2496 实际位置NED=(0.014,-0.037,-0.276) 实际速度=(0.001,0.010,-0.045) 最终目标=(0.013,-0.035,-1.115) 指令位置=(0.013,-0.035,-1.115) 指令速度=(0.000,0.000,0.000) 指令加速度=(0.000,0.000,0.000) 滚转角=-0.05度 俯仰角=-0.28度
11:41:00.415653 [轨迹] 序号=86 单调时间=11291.434833 时间=11291.435 模式=OFFBOARD 起飞状态=高度保持 水平控制=位置保持 类型掩码=2496 实际位置NED=(0.014,-0.036,-0.277) 实际速度=(0.001,0.012,-0.055) 最终目标=(0.013,-0.035,-1.115) 指令位置=(0.013,-0.035,-1.115) 指令速度=(0.000,0.000,0.000) 指令加速度=(0.000,0.000,0.000) 滚转角=-0.07度 俯仰角=-0.30度
11:41:00.519014 [轨迹] 序号=87 单调时间=11291.538422 时间=11291.538 模式=OFFBOARD 起飞状态=高度保持 水平控制=位置保持 类型掩码=2496 实际位置NED=(0.014,-0.036,-0.278) 实际速度=(0.002,0.015,-0.064) 最终目标=(0.013,-0.035,-1.115) 指令位置=(0.013,-0.035,-1.115) 指令速度=(0.000,0.000,0.000) 指令加速度=(0.000,0.000,0.000) 滚转角=-0.10度 俯仰角=-0.32度
11:41:00.622393 [轨迹] 序号=88 单调时间=11291.641728 时间=11291.642 模式=OFFBOARD 起飞状态=高度保持 水平控制=位置保持 类型掩码=2496 实际位置NED=(0.014,-0.035,-0.280) 实际速度=(0.002,0.018,-0.077) 最终目标=(0.013,-0.035,-1.115) 指令位置=(0.013,-0.035,-1.115) 指令速度=(0.000,0.000,0.000) 指令加速度=(0.000,0.000,0.000) 滚转角=-0.10度 俯仰角=-0.32度
11:41:00.725727 [轨迹] 序号=89 单调时间=11291.745109 时间=11291.745 模式=OFFBOARD 起飞状态=高度保持 水平控制=位置保持 类型掩码=2496 实际位置NED=(0.014,-0.033,-0.284) 实际速度=(0.003,0.022,-0.098) 最终目标=(0.013,-0.035,-1.115) 指令位置=(0.013,-0.035,-1.115) 指令速度=(0.000,0.000,0.000) 指令加速度=(0.000,0.000,0.000) 滚转角=-0.10度 俯仰角=-0.29度
11:41:00.829030 [轨迹] 序号=90 单调时间=11291.848299 时间=11291.848 模式=OFFBOARD 起飞状态=高度保持 水平控制=位置保持 类型掩码=2496 实际位置NED=(0.014,-0.032,-0.286) 实际速度=(0.004,0.024,-0.109) 最终目标=(0.013,-0.035,-1.115) 指令位置=(0.013,-0.035,-1.115) 指令速度=(0.000,0.000,0.000) 指令加速度=(0.000,0.000,0.000) 滚转角=-0.10度 俯仰角=-0.27度
11:41:00.932190 [轨迹] 序号=91 单调时间=11291.951438 时间=11291.951 模式=OFFBOARD 起飞状态=高度保持 水平控制=位置保持 类型掩码=2496 实际位置NED=(0.014,-0.032,-0.289) 实际速度=(0.004,0.026,-0.119) 最终目标=(0.013,-0.035,-1.115) 指令位置=(0.013,-0.035,-1.115) 指令速度=(0.000,0.000,0.000) 指令加速度=(0.000,0.000,0.000) 滚转角=-0.09度 俯仰角=-0.23度
11:41:01.035766 [轨迹] 序号=92 单调时间=11292.054988 时间=11292.055 模式=OFFBOARD 起飞状态=高度保持 水平控制=位置保持 类型掩码=2496 实际位置NED=(0.015,-0.029,-0.297) 实际速度=(0.006,0.032,-0.141) 最终目标=(0.013,-0.035,-1.115) 指令位置=(0.013,-0.035,-1.115) 指令速度=(0.000,0.000,0.000) 指令加速度=(0.000,0.000,0.000) 滚转角=-0.08度 俯仰角=-0.19度
11:41:01.139649 [轨迹] 序号=93 单调时间=11292.158885 时间=11292.159 模式=OFFBOARD 起飞状态=高度保持 水平控制=位置保持 类型掩码=2496 实际位置NED=(0.015,-0.029,-0.297) 实际速度=(0.006,0.032,-0.141) 最终目标=(0.013,-0.035,-1.115) 指令位置=(0.013,-0.035,-1.115) 指令速度=(0.000,0.000,0.000) 指令加速度=(0.000,0.000,0.000) 滚转角=-0.07度 俯仰角=-0.17度
11:41:01.243482 [轨迹] 序号=94 单调时间=11292.262698 时间=11292.263 模式=OFFBOARD 起飞状态=高度保持 水平控制=位置保持 类型掩码=2496 实际位置NED=(0.015,-0.027,-0.305) 实际速度=(0.007,0.036,-0.159) 最终目标=(0.013,-0.035,-1.115) 指令位置=(0.013,-0.035,-1.115) 指令速度=(0.000,0.000,0.000) 指令加速度=(0.000,0.000,0.000) 滚转角=-0.05度 俯仰角=-0.10度
11:41:01.348022 [轨迹] 序号=95 单调时间=11292.367455 时间=11292.367 模式=OFFBOARD 起飞状态=高度保持 水平控制=位置保持 类型掩码=2496 实际位置NED=(0.015,-0.025,-0.310) 实际速度=(0.007,0.038,-0.168) 最终目标=(0.013,-0.035,-1.115) 指令位置=(0.013,-0.035,-1.115) 指令速度=(0.000,0.000,0.000) 指令加速度=(0.000,0.000,0.000) 滚转角=-0.03度 俯仰角=-0.05度
11:41:01.451835 [轨迹] 序号=96 单调时间=11292.471107 时间=11292.471 模式=OFFBOARD 起飞状态=高度保持 水平控制=位置保持 类型掩码=2496 实际位置NED=(0.015,-0.024,-0.314) 实际速度=(0.007,0.040,-0.176) 最终目标=(0.013,-0.035,-1.115) 指令位置=(0.013,-0.035,-1.115) 指令速度=(0.000,0.000,0.000) 指令加速度=(0.000,0.000,0.000) 滚转角=-0.01度 俯仰角=0.00度
11:41:01.555753 [轨迹] 序号=97 单调时间=11292.574914 时间=11292.575 模式=OFFBOARD 起飞状态=高度保持 水平控制=位置保持 类型掩码=2496 实际位置NED=(0.016,-0.020,-0.326) 实际速度=(0.006,0.041,-0.193) 最终目标=(0.013,-0.035,-1.115) 指令位置=(0.013,-0.035,-1.115) 指令速度=(0.000,0.000,0.000) 指令加速度=(0.000,0.000,0.000) 滚转角=0.01度 俯仰角=0.05度
11:41:01.659343 [轨迹] 序号=98 单调时间=11292.678747 时间=11292.679 模式=OFFBOARD 起飞状态=高度保持 水平控制=位置保持 类型掩码=2496 实际位置NED=(0.016,-0.020,-0.326) 实际速度=(0.006,0.041,-0.193) 最终目标=(0.013,-0.035,-1.115) 指令位置=(0.013,-0.035,-1.115) 指令速度=(0.000,0.000,0.000) 指令加速度=(0.000,0.000,0.000) 滚转角=0.02度 俯仰角=0.08度
11:41:01.763365 [轨迹] 序号=99 单调时间=11292.782608 时间=11292.783 模式=OFFBOARD 起飞状态=高度保持 水平控制=位置保持 类型掩码=2496 实际位置NED=(0.016,-0.017,-0.338) 实际速度=(0.004,0.041,-0.205) 最终目标=(0.013,-0.035,-1.115) 指令位置=(0.013,-0.035,-1.115) 指令速度=(0.000,0.000,0.000) 指令加速度=(0.000,0.000,0.000) 滚转角=0.05度 俯仰角=0.16度
11:41:01.866839 [轨迹] 序号=100 单调时间=11292.885992 时间=11292.886 模式=OFFBOARD 起飞状态=高度保持 水平控制=位置保持 类型掩码=2496 实际位置NED=(0.015,-0.016,-0.344) 实际速度=(0.003,0.040,-0.211) 最终目标=(0.013,-0.035,-1.115) 指令位置=(0.013,-0.035,-1.115) 指令速度=(0.000,0.000,0.000) 指令加速度=(0.000,0.000,0.000) 滚转角=0.06度 俯仰角=0.19度
11:41:01.971291 [轨迹] 序号=101 单调时间=11292.989939 时间=11292.990 模式=OFFBOARD 起飞状态=高度保持 水平控制=位置保持 类型掩码=2496 实际位置NED=(0.015,-0.015,-0.351) 实际速度=(0.001,0.039,-0.216) 最终目标=(0.013,-0.035,-1.115) 指令位置=(0.013,-0.035,-1.115) 指令速度=(0.000,0.000,0.000) 指令加速度=(0.000,0.000,0.000) 滚转角=0.07度 俯仰角=0.24度
11:41:02.075341 [轨迹] 序号=102 单调时间=11293.094630 时间=11293.095 模式=OFFBOARD 起飞状态=高度保持 水平控制=位置保持 类型掩码=2496 实际位置NED=(0.015,-0.013,-0.357) 实际速度=(-0.000,0.038,-0.221) 最终目标=(0.013,-0.035,-1.115) 指令位置=(0.013,-0.035,-1.115) 指令速度=(0.000,0.000,0.000) 指令加速度=(0.000,0.000,0.000) 滚转角=0.07度 俯仰角=0.26度
11:41:02.178346 [轨迹] 序号=103 单调时间=11293.197717 时间=11293.198 模式=OFFBOARD 起飞状态=高度保持 水平控制=位置保持 类型掩码=2496 实际位置NED=(0.014,-0.012,-0.366) 实际速度=(-0.002,0.037,-0.226) 最终目标=(0.013,-0.035,-1.115) 指令位置=(0.013,-0.035,-1.115) 指令速度=(0.000,0.000,0.000) 指令加速度=(0.000,0.000,0.000) 滚转角=0.07度 俯仰角=0.30度
11:41:02.282587 [轨迹] 序号=104 单调时间=11293.301897 时间=11293.302 模式=OFFBOARD 起飞状态=高度保持 水平控制=位置保持 类型掩码=2496 实际位置NED=(0.013,-0.009,-0.379) 实际速度=(-0.006,0.035,-0.233) 最终目标=(0.013,-0.035,-1.115) 指令位置=(0.013,-0.035,-1.115) 指令速度=(0.000,0.000,0.000) 指令加速度=(0.000,0.000,0.000) 滚转角=0.06度 俯仰角=0.34度
11:41:02.386125 [轨迹] 序号=105 单调时间=11293.405406 时间=11293.405 模式=OFFBOARD 起飞状态=高度保持 水平控制=位置保持 类型掩码=2496 实际位置NED=(0.012,-0.008,-0.386) 实际速度=(-0.008,0.034,-0.236) 最终目标=(0.013,-0.035,-1.115) 指令位置=(0.013,-0.035,-1.115) 指令速度=(0.000,0.000,0.000) 指令加速度=(0.000,0.000,0.000) 滚转角=0.05度 俯仰角=0.36度
11:41:02.489042 [轨迹] 序号=106 单调时间=11293.508467 时间=11293.508 模式=OFFBOARD 起飞状态=高度保持 水平控制=位置保持 类型掩码=2496 实际位置NED=(0.011,-0.005,-0.401) 实际速度=(-0.011,0.034,-0.241) 最终目标=(0.013,-0.035,-1.115) 指令位置=(0.013,-0.035,-1.115) 指令速度=(0.000,0.000,0.000) 指令加速度=(0.000,0.000,0.000) 滚转角=0.04度 俯仰角=0.38度
11:41:02 [应答] UP INTENT：已接受（MAV_RESULT_ACCEPTED）
11:41:02 [输入] 已按下一次上升按钮
11:41:02 [目标] 修改前：北=0.013 东=-0.035 下=-1.115
11:41:02 [目标] 修改后：北=0.013 东=-0.035 下=-1.615
11:41:02.592460 [轨迹] 序号=107 单调时间=11293.611671 时间=11293.612 模式=OFFBOARD 起飞状态=未执行起飞 水平控制=位置保持 类型掩码=3520 实际位置NED=(0.010,-0.004,-0.410) 实际速度=(-0.012,0.033,-0.243) 最终目标=(0.013,-0.035,-1.615) 指令位置=(0.013,-0.035,-1.119) 指令速度=(0.000,0.000,-0.031) 指令加速度=(0.000,0.000,-0.300) 滚转角=0.02度 俯仰角=0.40度
11:41:02.695929 [轨迹] 序号=108 单调时间=11293.715182 时间=11293.715 模式=OFFBOARD 起飞状态=未执行起飞 水平控制=位置保持 类型掩码=3520 实际位置NED=(0.009,-0.002,-0.417) 实际速度=(-0.013,0.032,-0.246) 最终目标=(0.013,-0.035,-1.615) 指令位置=(0.013,-0.035,-1.125) 指令速度=(0.000,0.000,-0.062) 指令加速度=(0.000,0.000,-0.300) 滚转角=-0.00度 俯仰角=0.42度
11:41:02.797585 [轨迹] 序号=109 单调时间=11293.816855 时间=11293.817 模式=OFFBOARD 起飞状态=未执行起飞 水平控制=位置保持 类型掩码=3520 实际位置NED=(0.008,-0.001,-0.425) 实际速度=(-0.014,0.031,-0.253) 最终目标=(0.013,-0.035,-1.615) 指令位置=(0.013,-0.035,-1.134) 指令速度=(0.000,0.000,-0.093) 指令加速度=(0.000,0.000,-0.300) 滚转角=-0.03度 俯仰角=0.45度
11:41:02.901032 [轨迹] 序号=110 单调时间=11293.920346 时间=11293.920 模式=OFFBOARD 起飞状态=未执行起飞 水平控制=位置保持 类型掩码=3520 实际位置NED=(0.007,0.000,-0.433) 实际速度=(-0.014,0.030,-0.265) 最终目标=(0.013,-0.035,-1.615) 指令位置=(0.013,-0.035,-1.147) 指令速度=(0.000,0.000,-0.124) 指令加速度=(0.000,0.000,-0.300) 滚转角=-0.06度 俯仰角=0.47度
11:41:03.004464 [轨迹] 序号=111 单调时间=11294.023910 时间=11294.024 模式=OFFBOARD 起飞状态=未执行起飞 水平控制=位置保持 类型掩码=3520 实际位置NED=(0.006,0.001,-0.441) 实际速度=(-0.014,0.028,-0.280) 最终目标=(0.013,-0.035,-1.615) 指令位置=(0.013,-0.035,-1.163) 指令速度=(0.000,0.000,-0.155) 指令加速度=(0.000,0.000,-0.300) 滚转角=-0.09度 俯仰角=0.49度
11:41:03.107719 [轨迹] 序号=112 单调时间=11294.126929 时间=11294.127 模式=OFFBOARD 起飞状态=未执行起飞 水平控制=位置保持 类型掩码=3520 实际位置NED=(0.005,0.002,-0.450) 实际速度=(-0.014,0.026,-0.299) 最终目标=(0.013,-0.035,-1.615) 指令位置=(0.013,-0.035,-1.182) 指令速度=(0.000,0.000,-0.186) 指令加速度=(0.000,0.000,-0.300) 滚转角=-0.11度 俯仰角=0.51度
11:41:03 [应答] UP INTENT：已接受（MAV_RESULT_ACCEPTED）
11:41:03 [输入] 已按下一次上升按钮
11:41:03 [目标] 修改前：北=0.013 东=-0.035 下=-1.615
11:41:03 [目标] 修改后：北=0.013 东=-0.035 下=-2.115
11:41:03.211988 [轨迹] 序号=113 单调时间=11294.231304 时间=11294.231 模式=OFFBOARD 起飞状态=未执行起飞 水平控制=位置保持 类型掩码=3520 实际位置NED=(0.003,0.005,-0.473) 实际速度=(-0.013,0.022,-0.351) 最终目标=(0.013,-0.035,-2.115) 指令位置=(0.013,-0.035,-1.205) 指令速度=(0.000,0.000,-0.217) 指令加速度=(0.000,0.000,-0.300) 滚转角=-0.13度 俯仰角=0.53度
11:41:03.315588 [轨迹] 序号=114 单调时间=11294.334858 时间=11294.335 模式=OFFBOARD 起飞状态=未执行起飞 水平控制=位置保持 类型掩码=3520 实际位置NED=(0.002,0.006,-0.485) 实际速度=(-0.012,0.019,-0.378) 最终目标=(0.013,-0.035,-2.115) 指令位置=(0.013,-0.035,-1.231) 指令速度=(0.000,0.000,-0.248) 指令加速度=(0.000,0.000,-0.300) 滚转角=-0.15度 俯仰角=0.54度
11:41:03.418764 [轨迹] 序号=115 单调时间=11294.438028 时间=11294.438 模式=OFFBOARD 起飞状态=未执行起飞 水平控制=位置保持 类型掩码=3520 实际位置NED=(0.001,0.006,-0.497) 实际速度=(-0.012,0.017,-0.408) 最终目标=(0.013,-0.035,-2.115) 指令位置=(0.013,-0.035,-1.259) 指令速度=(0.000,0.000,-0.279) 指令加速度=(0.000,0.000,-0.300) 滚转角=-0.16度 俯仰角=0.55度
11:41:03.521696 [轨迹] 序号=116 单调时间=11294.541016 时间=11294.541 模式=OFFBOARD 起飞状态=未执行起飞 水平控制=位置保持 类型掩码=3520 实际位置NED=(0.000,0.007,-0.525) 实际速度=(-0.009,0.012,-0.475) 最终目标=(0.013,-0.035,-2.115) 指令位置=(0.013,-0.035,-1.290) 指令速度=(0.000,0.000,-0.300) 指令加速度=(0.000,0.000,-0.205) 滚转角=-0.17度 俯仰角=0.55度
11:41:03.625326 [轨迹] 序号=117 单调时间=11294.644652 时间=11294.645 模式=OFFBOARD 起飞状态=未执行起飞 水平控制=位置保持 类型掩码=3520 实际位置NED=(-0.001,0.008,-0.545) 实际速度=(-0.008,0.009,-0.516) 最终目标=(0.013,-0.035,-2.115) 指令位置=(0.013,-0.035,-1.321) 指令速度=(0.000,0.000,-0.300) 指令加速度=(0.000,0.000,0.000) 滚转角=-0.17度 俯仰角=0.55度
11:41:03.728364 [轨迹] 序号=118 单调时间=11294.747711 时间=11294.748 模式=OFFBOARD 起飞状态=未执行起飞 水平控制=位置保持 类型掩码=3520 实际位置NED=(-0.001,0.008,-0.545) 实际速度=(-0.008,0.009,-0.516) 最终目标=(0.013,-0.035,-2.115) 指令位置=(0.013,-0.035,-1.352) 指令速度=(0.000,0.000,-0.300) 指令加速度=(0.000,0.000,0.000) 滚转角=-0.17度 俯仰角=0.55度
11:41:03.831575 [轨迹] 序号=119 单调时间=11294.850900 时间=11294.851 模式=OFFBOARD 起飞状态=未执行起飞 水平控制=位置保持 类型掩码=3520 实际位置NED=(-0.001,0.008,-0.580) 实际速度=(-0.006,0.003,-0.583) 最终目标=(0.013,-0.035,-2.115) 指令位置=(0.013,-0.035,-1.383) 指令速度=(0.000,0.000,-0.300) 指令加速度=(0.000,0.000,0.000) 滚转角=-0.17度 俯仰角=0.54度
11:41:03.933216 [轨迹] 序号=120 单调时间=11294.952384 时间=11294.952 模式=OFFBOARD 起飞状态=未执行起飞 水平控制=位置保持 类型掩码=3520 实际位置NED=(-0.002,0.008,-0.599) 实际速度=(-0.004,0.000,-0.614) 最终目标=(0.013,-0.035,-2.115) 指令位置=(0.013,-0.035,-1.414) 指令速度=(0.000,0.000,-0.300) 指令加速度=(0.000,0.000,0.000) 滚转角=-0.16度 俯仰角=0.53度
11:41:04.036318 [轨迹] 序号=121 单调时间=11295.055616 时间=11295.056 模式=OFFBOARD 起飞状态=未执行起飞 水平控制=位置保持 类型掩码=3520 实际位置NED=(-0.002,0.008,-0.619) 实际速度=(-0.003,-0.003,-0.641) 最终目标=(0.013,-0.035,-2.115) 指令位置=(0.013,-0.035,-1.445) 指令速度=(0.000,0.000,-0.300) 指令加速度=(0.000,0.000,0.000) 滚转角=-0.16度 俯仰角=0.52度
11:41:04.138205 [轨迹] 序号=122 单调时间=11295.157493 时间=11295.157 模式=OFFBOARD 起飞状态=未执行起飞 水平控制=位置保持 类型掩码=3520 实际位置NED=(-0.002,0.008,-0.640) 实际速度=(-0.001,-0.005,-0.666) 最终目标=(0.013,-0.035,-2.115) 指令位置=(0.013,-0.035,-1.475) 指令速度=(0.000,0.000,-0.300) 指令加速度=(0.000,0.000,0.000) 滚转角=-0.15度 俯仰角=0.51度
11:41:04.242299 [轨迹] 序号=123 单调时间=11295.261225 时间=11295.261 模式=OFFBOARD 起飞状态=未执行起飞 水平控制=位置保持 类型掩码=3520 实际位置NED=(-0.002,0.008,-0.667) 实际速度=(0.000,-0.008,-0.694) 最终目标=(0.013,-0.035,-2.115) 指令位置=(0.013,-0.035,-1.506) 指令速度=(0.000,0.000,-0.300) 指令加速度=(0.000,0.000,0.000) 滚转角=-0.15度 俯仰角=0.49度
11:41:04.346379 [轨迹] 序号=124 单调时间=11295.365209 时间=11295.365 模式=OFFBOARD 起飞状态=未执行起飞 水平控制=位置保持 类型掩码=3520 实际位置NED=(-0.002,0.007,-0.690) 实际速度=(0.002,-0.011,-0.715) 最终目标=(0.013,-0.035,-2.115) 指令位置=(0.013,-0.035,-1.538) 指令速度=(0.000,0.000,-0.300) 指令加速度=(0.000,0.000,0.000) 滚转角=-0.14度 俯仰角=0.48度
11:41:04.449697 [轨迹] 序号=125 单调时间=11295.469128 时间=11295.469 模式=OFFBOARD 起飞状态=未执行起飞 水平控制=位置保持 类型掩码=3520 实际位置NED=(-0.002,0.007,-0.713) 实际速度=(0.003,-0.013,-0.734) 最终目标=(0.013,-0.035,-2.115) 指令位置=(0.013,-0.035,-1.569) 指令速度=(0.000,0.000,-0.300) 指令加速度=(0.000,0.000,0.000) 滚转角=-0.13度 俯仰角=0.46度
11:41:04.554089 [轨迹] 序号=126 单调时间=11295.573223 时间=11295.573 模式=OFFBOARD 起飞状态=未执行起飞 水平控制=位置保持 类型掩码=3520 实际位置NED=(-0.002,0.006,-0.737) 实际速度=(0.004,-0.016,-0.752) 最终目标=(0.013,-0.035,-2.115) 指令位置=(0.013,-0.035,-1.600) 指令速度=(0.000,0.000,-0.300) 指令加速度=(0.000,0.000,0.000) 滚转角=-0.12度 俯仰角=0.43度
11:41:04.657240 [轨迹] 序号=127 单调时间=11295.676704 时间=11295.677 模式=OFFBOARD 起飞状态=未执行起飞 水平控制=位置保持 类型掩码=3520 实际位置NED=(-0.002,0.005,-0.786) 实际速度=(0.005,-0.020,-0.785) 最终目标=(0.013,-0.035,-2.115) 指令位置=(0.013,-0.035,-1.631) 指令速度=(0.000,0.000,-0.300) 指令加速度=(0.000,0.000,0.000) 滚转角=-0.11度 俯仰角=0.41度
11:41:04.760550 [轨迹] 序号=128 单调时间=11295.779749 时间=11295.780 模式=OFFBOARD 起飞状态=未执行起飞 水平控制=位置保持 类型掩码=3520 实际位置NED=(-0.001,0.004,-0.818) 实际速度=(0.006,-0.022,-0.802) 最终目标=(0.013,-0.035,-2.115) 指令位置=(0.013,-0.035,-1.662) 指令速度=(0.000,0.000,-0.300) 指令加速度=(0.000,0.000,0.000) 滚转角=-0.10度 俯仰角=0.38度
11:41:04.864820 [轨迹] 序号=129 单调时间=11295.884189 时间=11295.884 模式=OFFBOARD 起飞状态=未执行起飞 水平控制=位置保持 类型掩码=3520 实际位置NED=(-0.001,0.003,-0.844) 实际速度=(0.007,-0.023,-0.812) 最终目标=(0.013,-0.035,-2.115) 指令位置=(0.013,-0.035,-1.693) 指令速度=(0.000,0.000,-0.300) 指令加速度=(0.000,0.000,0.000) 滚转角=-0.09度 俯仰角=0.35度
11:41:04.968580 [轨迹] 序号=130 单调时间=11295.987274 时间=11295.987 模式=OFFBOARD 起飞状态=未执行起飞 水平控制=位置保持 类型掩码=3520 实际位置NED=(-0.001,0.002,-0.870) 实际速度=(0.008,-0.025,-0.821) 最终目标=(0.013,-0.035,-2.115) 指令位置=(0.013,-0.035,-1.724) 指令速度=(0.000,0.000,-0.300) 指令加速度=(0.000,0.000,0.000) 滚转角=-0.08度 俯仰角=0.33度
11:41:05.072346 [轨迹] 序号=131 单调时间=11296.091671 时间=11296.092 模式=OFFBOARD 起飞状态=未执行起飞 水平控制=位置保持 类型掩码=3520 实际位置NED=(-0.000,0.001,-0.896) 实际速度=(0.009,-0.026,-0.829) 最终目标=(0.013,-0.035,-2.115) 指令位置=(0.013,-0.035,-1.755) 指令速度=(0.000,0.000,-0.300) 指令加速度=(0.000,0.000,0.000) 滚转角=-0.07度 俯仰角=0.31度
11:41:05.176688 [轨迹] 序号=132 单调时间=11296.196034 时间=11296.196 模式=OFFBOARD 起飞状态=未执行起飞 水平控制=位置保持 类型掩码=3520 实际位置NED=(0.000,-0.001,-0.950) 实际速度=(0.010,-0.028,-0.842) 最终目标=(0.013,-0.035,-2.115) 指令位置=(0.013,-0.035,-1.787) 指令速度=(0.000,0.000,-0.300) 指令加速度=(0.000,0.000,0.000) 滚转角=-0.06度 俯仰角=0.28度
11:41:05.279863 [轨迹] 序号=133 单调时间=11296.299182 时间=11296.299 模式=OFFBOARD 起飞状态=未执行起飞 水平控制=位置保持 类型掩码=3520 实际位置NED=(0.001,-0.002,-0.984) 实际速度=(0.011,-0.029,-0.848) 最终目标=(0.013,-0.035,-2.115) 指令位置=(0.013,-0.035,-1.818) 指令速度=(0.000,0.000,-0.300) 指令加速度=(0.000,0.000,0.000) 滚转角=-0.05度 俯仰角=0.26度
11:41:05.382974 [轨迹] 序号=134 单调时间=11296.402368 时间=11296.402 模式=OFFBOARD 起飞状态=未执行起飞 水平控制=位置保持 类型掩码=3520 实际位置NED=(0.003,-0.004,-1.038) 实际速度=(0.013,-0.030,-0.855) 最终目标=(0.013,-0.035,-2.115) 指令位置=(0.013,-0.035,-1.849) 指令速度=(0.000,0.000,-0.300) 指令加速度=(0.000,0.000,0.000) 滚转角=-0.04度 俯仰角=0.23度
11:41:05.486997 [轨迹] 序号=135 单调时间=11296.506289 时间=11296.506 模式=OFFBOARD 起飞状态=未执行起飞 水平控制=位置保持 类型掩码=3520 实际位置NED=(0.003,-0.005,-1.066) 实际速度=(0.014,-0.031,-0.858) 最终目标=(0.013,-0.035,-2.115) 指令位置=(0.013,-0.035,-1.880) 指令速度=(0.000,0.000,-0.300) 指令加速度=(0.000,0.000,0.000) 滚转角=-0.03度 俯仰角=0.21度
11:41:05.590077 [轨迹] 序号=136 单调时间=11296.609463 时间=11296.609 模式=OFFBOARD 起飞状态=未执行起飞 水平控制=位置保持 类型掩码=3520 实际位置NED=(0.003,-0.005,-1.066) 实际速度=(0.014,-0.031,-0.858) 最终目标=(0.013,-0.035,-2.115) 指令位置=(0.013,-0.035,-1.911) 指令速度=(0.000,0.000,-0.300) 指令加速度=(0.000,0.000,0.000) 滚转角=-0.03度 俯仰角=0.21度
11:41:05.694084 [轨迹] 序号=137 单调时间=11296.713423 时间=11296.713 模式=OFFBOARD 起飞状态=未执行起飞 水平控制=位置保持 类型掩码=3520 实际位置NED=(0.006,-0.007,-1.120) 实际速度=(0.017,-0.031,-0.864) 最终目标=(0.013,-0.035,-2.115) 指令位置=(0.013,-0.035,-1.941) 指令速度=(0.000,0.000,-0.288) 指令加速度=(0.000,0.000,0.116) 滚转角=-0.02度 俯仰角=0.18度
11:41:05.798388 [轨迹] 序号=138 单调时间=11296.817547 时间=11296.818 模式=OFFBOARD 起飞状态=未执行起飞 水平控制=位置保持 类型掩码=3520 实际位置NED=(0.008,-0.008,-1.148) 实际速度=(0.020,-0.031,-0.868) 最终目标=(0.013,-0.035,-2.115) 指令位置=(0.013,-0.035,-1.968) 指令速度=(0.000,0.000,-0.261) 指令加速度=(0.000,0.000,0.257) 滚转角=-0.01度 俯仰角=0.16度
11:41:05.902195 [轨迹] 序号=139 单调时间=11296.921516 时间=11296.922 模式=OFFBOARD 起飞状态=未执行起飞 水平控制=位置保持 类型掩码=3520 实际位置NED=(0.010,-0.010,-1.176) 实际速度=(0.022,-0.031,-0.870) 最终目标=(0.013,-0.035,-2.115) 指令位置=(0.013,-0.035,-1.992) 指令速度=(0.000,0.000,-0.235) 指令加速度=(0.000,0.000,0.252) 滚转角=0.01度 俯仰角=0.15度
11:41:06.005473 [轨迹] 序号=140 单调时间=11297.024600 时间=11297.025 模式=OFFBOARD 起飞状态=未执行起飞 水平控制=位置保持 类型掩码=3520 实际位置NED=(0.012,-0.011,-1.203) 实际速度=(0.025,-0.031,-0.868) 最终目标=(0.013,-0.035,-2.115) 指令位置=(0.013,-0.035,-2.014) 指令速度=(0.000,0.000,-0.210) 指令加速度=(0.000,0.000,0.245) 滚转角=0.03度 俯仰角=0.14度
11:41:06.108823 [轨迹] 序号=141 单调时间=11297.128051 时间=11297.128 模式=OFFBOARD 起飞状态=未执行起飞 水平控制=位置保持 类型掩码=3520 实际位置NED=(0.015,-0.012,-1.238) 实际速度=(0.028,-0.031,-0.861) 最终目标=(0.013,-0.035,-2.115) 指令位置=(0.013,-0.035,-2.033) 指令速度=(0.000,0.000,-0.185) 指令加速度=(0.000,0.000,0.244) 滚转角=0.06度 俯仰角=0.12度
11:41:06.212029 [轨迹] 序号=142 单调时间=11297.231239 时间=11297.231 模式=OFFBOARD 起飞状态=未执行起飞 水平控制=位置保持 类型掩码=3520 实际位置NED=(0.017,-0.013,-1.265) 实际速度=(0.030,-0.031,-0.851) 最终目标=(0.013,-0.035,-2.115) 指令位置=(0.013,-0.035,-2.050) 指令速度=(0.000,0.000,-0.160) 指令加速度=(0.000,0.000,0.235) 滚转角=0.09度 俯仰角=0.11度
11:41:06.315363 [轨迹] 序号=143 单调时间=11297.334604 时间=11297.335 模式=OFFBOARD 起飞状态=未执行起飞 水平控制=位置保持 类型掩码=3520 实际位置NED=(0.022,-0.015,-1.319) 实际速度=(0.033,-0.030,-0.821) 最终目标=(0.013,-0.035,-2.115) 指令位置=(0.013,-0.035,-2.064) 指令速度=(0.000,0.000,-0.137) 指令加速度=(0.000,0.000,0.229) 滚转角=0.14度 俯仰角=0.09度
11:41:06.418425 [轨迹] 序号=144 单调时间=11297.437773 时间=11297.438 模式=OFFBOARD 起飞状态=未执行起飞 水平控制=位置保持 类型掩码=3520 实际位置NED=(0.025,-0.016,-1.345) 实际速度=(0.035,-0.030,-0.802) 最终目标=(0.013,-0.035,-2.115) 指令位置=(0.013,-0.035,-2.076) 指令速度=(0.000,0.000,-0.114) 指令加速度=(0.000,0.000,0.218) 滚转角=0.18度 俯仰角=0.08度
11:41:06.521738 [轨迹] 序号=145 单调时间=11297.541022 时间=11297.541 模式=OFFBOARD 起飞状态=未执行起飞 水平控制=位置保持 类型掩码=3520 实际位置NED=(0.027,-0.016,-1.370) 实际速度=(0.035,-0.029,-0.781) 最终目标=(0.013,-0.035,-2.115) 指令位置=(0.013,-0.035,-2.085) 指令速度=(0.000,0.000,-0.093) 指令加速度=(0.000,0.000,0.207) 滚转角=0.23度 俯仰角=0.06度
11:41:06.625311 [轨迹] 序号=146 单调时间=11297.644571 时间=11297.645 模式=OFFBOARD 起飞状态=未执行起飞 水平控制=位置保持 类型掩码=3520 实际位置NED=(0.030,-0.018,-1.401) 实际速度=(0.036,-0.028,-0.751) 最终目标=(0.013,-0.035,-2.115) 指令位置=(0.013,-0.035,-2.093) 指令速度=(0.000,0.000,-0.073) 指令加速度=(0.000,0.000,0.193) 滚转角=0.28度 俯仰角=0.05度
11:41:06.728801 [轨迹] 序号=147 单调时间=11297.748205 时间=11297.748 模式=OFFBOARD 起飞状态=未执行起飞 水平控制=位置保持 类型掩码=3520 实际位置NED=(0.035,-0.019,-1.447) 实际速度=(0.035,-0.027,-0.698) 最终目标=(0.013,-0.035,-2.115) 指令位置=(0.013,-0.035,-2.098) 指令速度=(0.000,0.000,-0.055) 指令加速度=(0.000,0.000,0.174) 滚转角=0.35度 俯仰角=0.04度
11:41:06.831459 [轨迹] 序号=148 单调时间=11297.850875 时间=11297.851 模式=OFFBOARD 起飞状态=未执行起飞 水平控制=位置保持 类型掩码=3520 实际位置NED=(0.037,-0.020,-1.469) 实际速度=(0.035,-0.026,-0.670) 最终目标=(0.013,-0.035,-2.115) 指令位置=(0.013,-0.035,-2.115) 指令速度=(0.000,0.000,0.000) 指令加速度=(0.000,0.000,0.532) 滚转角=0.38度 俯仰角=0.03度
11:41:06.934346 [轨迹] 序号=149 单调时间=11297.953831 时间=11297.954 模式=OFFBOARD 起飞状态=未执行起飞 水平控制=位置保持 类型掩码=3520 实际位置NED=(0.037,-0.020,-1.469) 实际速度=(0.035,-0.026,-0.670) 最终目标=(0.013,-0.035,-2.115) 指令位置=(0.013,-0.035,-2.115) 指令速度=(0.000,0.000,0.000) 指令加速度=(0.000,0.000,0.000) 滚转角=0.40度 俯仰角=0.03度
11:41:07.037678 [轨迹] 序号=150 单调时间=11298.056981 时间=11298.057 模式=OFFBOARD 起飞状态=未执行起飞 水平控制=位置保持 类型掩码=3520 实际位置NED=(0.041,-0.021,-1.510) 实际速度=(0.032,-0.025,-0.610) 最终目标=(0.013,-0.035,-2.115) 指令位置=(0.013,-0.035,-2.115) 指令速度=(0.000,0.000,0.000) 指令加速度=(0.000,0.000,0.000) 滚转角=0.46度 俯仰角=0.02度
11:41:07.141300 [轨迹] 序号=151 单调时间=11298.160571 时间=11298.161 模式=OFFBOARD 起飞状态=未执行起飞 水平控制=位置保持 类型掩码=3520 实际位置NED=(0.043,-0.022,-1.533) 实际速度=(0.030,-0.024,-0.570) 最终目标=(0.013,-0.035,-2.115) 指令位置=(0.013,-0.035,-2.115) 指令速度=(0.000,0.000,0.000) 指令加速度=(0.000,0.000,0.000) 滚转角=0.49度 俯仰角=0.02度
11:41:07.244572 [轨迹] 序号=152 单调时间=11298.263866 时间=11298.264 模式=OFFBOARD 起飞状态=未执行起飞 水平控制=位置保持 类型掩码=3520 实际位置NED=(0.045,-0.023,-1.551) 实际速度=(0.028,-0.023,-0.540) 最终目标=(0.013,-0.035,-2.115) 指令位置=(0.013,-0.035,-2.115) 指令速度=(0.000,0.000,0.000) 指令加速度=(0.000,0.000,0.000) 滚转角=0.52度 俯仰角=0.02度
11:41:07.348035 [轨迹] 序号=153 单调时间=11298.367285 时间=11298.367 模式=OFFBOARD 起飞状态=未执行起飞 水平控制=位置保持 类型掩码=3520 实际位置NED=(0.048,-0.024,-1.584) 实际速度=(0.024,-0.022,-0.486) 最终目标=(0.013,-0.035,-2.115) 指令位置=(0.013,-0.035,-2.115) 指令速度=(0.000,0.000,0.000) 指令加速度=(0.000,0.000,0.000) 滚转角=0.54度 俯仰角=0.01度
11:41:07.452510 [轨迹] 序号=154 单调时间=11298.471766 时间=11298.472 模式=OFFBOARD 起飞状态=未执行起飞 水平控制=位置保持 类型掩码=3520 实际位置NED=(0.050,-0.025,-1.599) 实际速度=(0.021,-0.022,-0.462) 最终目标=(0.013,-0.035,-2.115) 指令位置=(0.013,-0.035,-2.115) 指令速度=(0.000,0.000,0.000) 指令加速度=(0.000,0.000,0.000) 滚转角=0.55度 俯仰角=0.01度
11:41:07.554904 [轨迹] 序号=155 单调时间=11298.574115 时间=11298.574 模式=OFFBOARD 起飞状态=未执行起飞 水平控制=位置保持 类型掩码=3520 实际位置NED=(0.051,-0.026,-1.614) 实际速度=(0.019,-0.021,-0.439) 最终目标=(0.013,-0.035,-2.115) 指令位置=(0.013,-0.035,-2.115) 指令速度=(0.000,0.000,0.000) 指令加速度=(0.000,0.000,0.000) 滚转角=0.56度 俯仰角=0.01度
11:41:07.658508 [轨迹] 序号=156 单调时间=11298.677846 时间=11298.678 模式=OFFBOARD 起飞状态=未执行起飞 水平控制=位置保持 类型掩码=3520 实际位置NED=(0.052,-0.026,-1.631) 实际速度=(0.016,-0.020,-0.413) 最终目标=(0.013,-0.035,-2.115) 指令位置=(0.013,-0.035,-2.115) 指令速度=(0.000,0.000,0.000) 指令加速度=(0.000,0.000,0.000) 滚转角=0.56度 俯仰角=0.01度
11:41:07.761854 [轨迹] 序号=157 单调时间=11298.781212 时间=11298.781 模式=OFFBOARD 起飞状态=未执行起飞 水平控制=位置保持 类型掩码=3520 实际位置NED=(0.054,-0.027,-1.644) 实际速度=(0.014,-0.020,-0.394) 最终目标=(0.013,-0.035,-2.115) 指令位置=(0.013,-0.035,-2.115) 指令速度=(0.000,0.000,0.000) 指令加速度=(0.000,0.000,0.000) 滚转角=0.56度 俯仰角=0.00度
11:41:07.865358 [轨迹] 序号=158 单调时间=11298.884676 时间=11298.885 模式=OFFBOARD 起飞状态=未执行起飞 水平控制=位置保持 类型掩码=3520 实际位置NED=(0.055,-0.029,-1.668) 实际速度=(0.009,-0.019,-0.359) 最终目标=(0.013,-0.035,-2.115) 指令位置=(0.013,-0.035,-2.115) 指令速度=(0.000,0.000,0.000) 指令加速度=(0.000,0.000,0.000) 滚转角=0.56度 俯仰角=0.00度
11:41:07.969130 [轨迹] 序号=159 单调时间=11298.988533 时间=11298.989 模式=OFFBOARD 起飞状态=未执行起飞 水平控制=位置保持 类型掩码=3520 实际位置NED=(0.055,-0.029,-1.668) 实际速度=(0.009,-0.019,-0.359) 最终目标=(0.013,-0.035,-2.115) 指令位置=(0.013,-0.035,-2.115) 指令速度=(0.000,0.000,0.000) 指令加速度=(0.000,0.000,0.000) 滚转角=0.55度 俯仰角=0.00度
11:41:08.074826 [轨迹] 序号=160 单调时间=11299.094036 时间=11299.094 模式=OFFBOARD 起飞状态=未执行起飞 水平控制=位置保持 类型掩码=3520 实际位置NED=(0.057,-0.031,-1.691) 实际速度=(0.004,-0.019,-0.328) 最终目标=(0.013,-0.035,-2.115) 指令位置=(0.013,-0.035,-2.115) 指令速度=(0.000,0.000,0.000) 指令加速度=(0.000,0.000,0.000) 滚转角=0.54度 俯仰角=-0.00度
11:41:08.174834 [轨迹] 序号=161 单调时间=11299.194166 时间=11299.194 模式=OFFBOARD 起飞状态=未执行起飞 水平控制=位置保持 类型掩码=3520 实际位置NED=(0.058,-0.032,-1.704) 实际速度=(0.001,-0.019,-0.311) 最终目标=(0.013,-0.035,-2.115) 指令位置=(0.013,-0.035,-2.115) 指令速度=(0.000,0.000,0.000) 指令加速度=(0.000,0.000,0.000) 滚转角=0.53度 俯仰角=-0.01度
11:41:08.278106 [轨迹] 序号=162 单调时间=11299.297365 时间=11299.297 模式=OFFBOARD 起飞状态=未执行起飞 水平控制=位置保持 类型掩码=3520 实际位置NED=(0.058,-0.033,-1.713) 实际速度=(-0.001,-0.018,-0.298) 最终目标=(0.013,-0.035,-2.115) 指令位置=(0.013,-0.035,-2.115) 指令速度=(0.000,0.000,0.000) 指令加速度=(0.000,0.000,0.000) 滚转角=0.51度 俯仰角=-0.01度
11:41:08.381625 [轨迹] 序号=163 单调时间=11299.400782 时间=11299.401 模式=OFFBOARD 起飞状态=未执行起飞 水平控制=位置保持 类型掩码=3520 实际位置NED=(0.059,-0.033,-1.723) 实际速度=(-0.004,-0.018,-0.285) 最终目标=(0.013,-0.035,-2.115) 指令位置=(0.013,-0.035,-2.115) 指令速度=(0.000,0.000,0.000) 指令加速度=(0.000,0.000,0.000) 滚转角=0.50度 俯仰角=-0.02度
11:41:08.484825 [轨迹] 序号=164 单调时间=11299.504230 时间=11299.504 模式=OFFBOARD 起飞状态=未执行起飞 水平控制=位置保持 类型掩码=3520 实际位置NED=(0.059,-0.034,-1.732) 实际速度=(-0.006,-0.018,-0.274) 最终目标=(0.013,-0.035,-2.115) 指令位置=(0.013,-0.035,-2.115) 指令速度=(0.000,0.000,0.000) 指令加速度=(0.000,0.000,0.000) 滚转角=0.49度 俯仰角=-0.02度
11:41:08.587931 [轨迹] 序号=165 单调时间=11299.607286 时间=11299.607 模式=OFFBOARD 起飞状态=未执行起飞 水平控制=位置保持 类型掩码=3520 实际位置NED=(0.059,-0.036,-1.750) 实际速度=(-0.010,-0.017,-0.253) 最终目标=(0.013,-0.035,-2.115) 指令位置=(0.013,-0.035,-2.115) 指令速度=(0.000,0.000,0.000) 指令加速度=(0.000,0.000,0.000) 滚转角=0.46度 俯仰角=-0.03度
11:41:08.692278 [轨迹] 序号=166 单调时间=11299.711534 时间=11299.712 模式=OFFBOARD 起飞状态=未执行起飞 水平控制=位置保持 类型掩码=3520 实际位置NED=(0.059,-0.037,-1.760) 实际速度=(-0.013,-0.016,-0.241) 最终目标=(0.013,-0.035,-2.115) 指令位置=(0.013,-0.035,-2.115) 指令速度=(0.000,0.000,0.000) 指令加速度=(0.000,0.000,0.000) 滚转角=0.45度 俯仰角=-0.03度
11:41:08.796585 [轨迹] 序号=167 单调时间=11299.815193 时间=11299.815 模式=OFFBOARD 起飞状态=未执行起飞 水平控制=位置保持 类型掩码=3520 实际位置NED=(0.059,-0.038,-1.768) 实际速度=(-0.014,-0.016,-0.232) 最终目标=(0.013,-0.035,-2.115) 指令位置=(0.013,-0.035,-2.115) 指令速度=(0.000,0.000,0.000) 指令加速度=(0.000,0.000,0.000) 滚转角=0.43度 俯仰角=-0.04度
11:41:08 [贴顶流程] 启动指令已发送
11:41:11 [贴顶流程] 正在快速寻顶
11:41:26 [贴顶流程] 正在缓慢贴顶
11:41:32 [贴顶流程] 贴顶完成，正在保持压力，原因：顶部距离确认
11:41:40 [输入] 已按下一次降落按钮；后续移动目标已禁用
11:41:40 [应答] 降落：已接受（MAV_RESULT_ACCEPTED）
11:41:42 [贴顶流程] 待机，原因：执行降落
11:41:42 [模式] 已退出OFFBOARD；旧目标已丢弃，开始跟随飞机当前位置
11:41:42.651793 [轨迹] 序号=168 单调时间=11333.671016 时间=11333.671 模式=AUTO.LAND 起飞状态=未执行起飞 水平控制=位置保持 类型掩码=3520 实际位置NED=(0.059,-0.016,-2.232) 实际速度=(0.021,0.028,0.766) 最终目标=(0.059,-0.016,-2.232) 指令位置=(0.059,-0.016,-2.232) 指令速度=(0.000,0.000,0.000) 指令加速度=(0.000,0.000,0.000) 滚转角=-0.07度 俯仰角=0.07度
11:41:42.755025 [轨迹] 序号=169 单调时间=11333.774349 时间=11333.774 模式=AUTO.LAND 起飞状态=未执行起飞 水平控制=位置保持 类型掩码=3520 实际位置NED=(0.059,-0.015,-2.208) 实际速度=(0.021,0.028,0.759) 最终目标=(0.059,-0.015,-2.208) 指令位置=(0.059,-0.015,-2.208) 指令速度=(0.000,0.000,0.000) 指令加速度=(0.000,0.000,0.000) 滚转角=-0.04度 俯仰角=0.11度
11:41:42.858250 [轨迹] 序号=170 单调时间=11333.877592 时间=11333.878 模式=AUTO.LAND 起飞状态=未执行起飞 水平控制=位置保持 类型掩码=3520 实际位置NED=(0.061,-0.014,-2.160) 实际速度=(0.023,0.027,0.731) 最终目标=(0.061,-0.014,-2.160) 指令位置=(0.061,-0.014,-2.160) 指令速度=(0.000,0.000,0.000) 指令加速度=(0.000,0.000,0.000) 滚转角=-0.02度 俯仰角=0.14度
11:41:42.961435 [轨迹] 序号=171 单调时间=11333.980831 时间=11333.981 模式=AUTO.LAND 起飞状态=未执行起飞 水平控制=位置保持 类型掩码=3520 实际位置NED=(0.061,-0.014,-2.160) 实际速度=(0.023,0.027,0.731) 最终目标=(0.061,-0.014,-2.160) 指令位置=(0.061,-0.014,-2.160) 指令速度=(0.000,0.000,0.000) 指令加速度=(0.000,0.000,0.000) 滚转角=-0.00度 俯仰角=0.15度
11:41:43.064750 [轨迹] 序号=172 单调时间=11334.083895 时间=11334.084 模式=AUTO.LAND 起飞状态=未执行起飞 水平控制=位置保持 类型掩码=3520 实际位置NED=(0.062,-0.013,-2.115) 实际速度=(0.023,0.025,0.689) 最终目标=(0.062,-0.013,-2.115) 指令位置=(0.062,-0.013,-2.115) 指令速度=(0.000,0.000,0.000) 指令加速度=(0.000,0.000,0.000) 滚转角=0.03度 俯仰角=0.18度
11:41:43.168306 [轨迹] 序号=173 单调时间=11334.187245 时间=11334.187 模式=AUTO.LAND 起飞状态=未执行起飞 水平控制=位置保持 类型掩码=3520 实际位置NED=(0.063,-0.013,-2.088) 实际速度=(0.023,0.023,0.666) 最终目标=(0.063,-0.013,-2.088) 指令位置=(0.063,-0.013,-2.088) 指令速度=(0.000,0.000,0.000) 指令加速度=(0.000,0.000,0.000) 滚转角=0.05度 俯仰角=0.20度
11:41:43.272603 [轨迹] 序号=174 单调时间=11334.291591 时间=11334.292 模式=AUTO.LAND 起飞状态=未执行起飞 水平控制=位置保持 类型掩码=3520 实际位置NED=(0.063,-0.013,-2.067) 实际速度=(0.023,0.022,0.653) 最终目标=(0.063,-0.013,-2.067) 指令位置=(0.063,-0.013,-2.067) 指令速度=(0.000,0.000,0.000) 指令加速度=(0.000,0.000,0.000) 滚转角=0.06度 俯仰角=0.21度
11:41:43.377119 [轨迹] 序号=175 单调时间=11334.395964 时间=11334.396 模式=AUTO.LAND 起飞状态=未执行起飞 水平控制=位置保持 类型掩码=3520 实际位置NED=(0.064,-0.013,-2.047) 实际速度=(0.023,0.021,0.643) 最终目标=(0.064,-0.013,-2.047) 指令位置=(0.064,-0.013,-2.047) 指令速度=(0.000,0.000,0.000) 指令加速度=(0.000,0.000,0.000) 滚转角=0.07度 俯仰角=0.22度
11:41:43.480322 [轨迹] 序号=176 单调时间=11334.499624 时间=11334.500 模式=AUTO.LAND 起飞状态=未执行起飞 水平控制=位置保持 类型掩码=3520 实际位置NED=(0.065,-0.013,-2.027) 实际速度=(0.023,0.019,0.636) 最终目标=(0.065,-0.013,-2.027) 指令位置=(0.065,-0.013,-2.027) 指令速度=(0.000,0.000,0.000) 指令加速度=(0.000,0.000,0.000) 滚转角=0.08度 俯仰角=0.23度
11:41:43.583611 [轨迹] 序号=177 单调时间=11334.602908 时间=11334.603 模式=AUTO.LAND 起飞状态=未执行起飞 水平控制=位置保持 类型掩码=3520 实际位置NED=(0.066,-0.013,-1.987) 实际速度=(0.023,0.017,0.631) 最终目标=(0.066,-0.013,-1.987) 指令位置=(0.066,-0.013,-1.987) 指令速度=(0.000,0.000,0.000) 指令加速度=(0.000,0.000,0.000) 滚转角=0.09度 俯仰角=0.23度
11:41:43.685007 [轨迹] 序号=178 单调时间=11334.704340 时间=11334.704 模式=AUTO.LAND 起飞状态=未执行起飞 水平控制=位置保持 类型掩码=3520 实际位置NED=(0.067,-0.012,-1.962) 实际速度=(0.022,0.015,0.631) 最终目标=(0.067,-0.012,-1.962) 指令位置=(0.067,-0.012,-1.962) 指令速度=(0.000,0.000,0.000) 指令加速度=(0.000,0.000,0.000) 滚转角=0.10度 俯仰角=0.23度
11:41:43.788256 [轨迹] 序号=179 单调时间=11334.807687 时间=11334.808 模式=AUTO.LAND 起飞状态=未执行起飞 水平控制=位置保持 类型掩码=3520 实际位置NED=(0.067,-0.012,-1.943) 实际速度=(0.022,0.014,0.633) 最终目标=(0.067,-0.012,-1.943) 指令位置=(0.067,-0.012,-1.943) 指令速度=(0.000,0.000,0.000) 指令加速度=(0.000,0.000,0.000) 滚转角=0.11度 俯仰角=0.23度
11:41:43.891948 [轨迹] 序号=180 单调时间=11334.911235 时间=11334.911 模式=AUTO.LAND 起飞状态=未执行起飞 水平控制=位置保持 类型掩码=3520 实际位置NED=(0.068,-0.012,-1.923) 实际速度=(0.022,0.013,0.634) 最终目标=(0.068,-0.012,-1.923) 指令位置=(0.068,-0.012,-1.923) 指令速度=(0.000,0.000,0.000) 指令加速度=(0.000,0.000,0.000) 滚转角=0.12度 俯仰角=0.23度
11:41:43.995370 [轨迹] 序号=181 单调时间=11335.014596 时间=11335.015 模式=AUTO.LAND 起飞状态=未执行起飞 水平控制=位置保持 类型掩码=3520 实际位置NED=(0.068,-0.012,-1.903) 实际速度=(0.021,0.011,0.637) 最终目标=(0.068,-0.012,-1.903) 指令位置=(0.068,-0.012,-1.903) 指令速度=(0.000,0.000,0.000) 指令加速度=(0.000,0.000,0.000) 滚转角=0.13度 俯仰角=0.23度
11:41:44.099597 [轨迹] 序号=182 单调时间=11335.118957 时间=11335.119 模式=AUTO.LAND 起飞状态=未执行起飞 水平控制=位置保持 类型掩码=3520 实际位置NED=(0.069,-0.013,-1.863) 实际速度=(0.020,0.008,0.642) 最终目标=(0.069,-0.013,-1.863) 指令位置=(0.069,-0.013,-1.863) 指令速度=(0.000,0.000,0.000) 指令加速度=(0.000,0.000,0.000) 滚转角=0.14度 俯仰角=0.23度
11:41:44.202714 [轨迹] 序号=183 单调时间=11335.222038 时间=11335.222 模式=AUTO.LAND 起飞状态=未执行起飞 水平控制=位置保持 类型掩码=3520 实际位置NED=(0.069,-0.013,-1.837) 实际速度=(0.019,0.007,0.646) 最终目标=(0.069,-0.013,-1.837) 指令位置=(0.069,-0.013,-1.837) 指令速度=(0.000,0.000,0.000) 指令加速度=(0.000,0.000,0.000) 滚转角=0.14度 俯仰角=0.22度
11:41:44.306000 [轨迹] 序号=184 单调时间=11335.325298 时间=11335.325 模式=AUTO.LAND 起飞状态=未执行起飞 水平控制=位置保持 类型掩码=3520 实际位置NED=(0.070,-0.013,-1.817) 实际速度=(0.018,0.006,0.649) 最终目标=(0.070,-0.013,-1.817) 指令位置=(0.070,-0.013,-1.817) 指令速度=(0.000,0.000,0.000) 指令加速度=(0.000,0.000,0.000) 滚转角=0.15度 俯仰角=0.22度
11:41:44.409251 [轨迹] 序号=185 单调时间=11335.428530 时间=11335.429 模式=AUTO.LAND 起飞状态=未执行起飞 水平控制=位置保持 类型掩码=3520 实际位置NED=(0.070,-0.013,-1.802) 实际速度=(0.018,0.005,0.651) 最终目标=(0.070,-0.013,-1.802) 指令位置=(0.070,-0.013,-1.802) 指令速度=(0.000,0.000,0.000) 指令加速度=(0.000,0.000,0.000) 滚转角=0.15度 俯仰角=0.21度
11:41:44.512803 [轨迹] 序号=186 单调时间=11335.532064 时间=11335.532 模式=AUTO.LAND 起飞状态=未执行起飞 水平控制=位置保持 类型掩码=3520 实际位置NED=(0.071,-0.013,-1.766) 实际速度=(0.017,0.004,0.657) 最终目标=(0.071,-0.013,-1.766) 指令位置=(0.071,-0.013,-1.766) 指令速度=(0.000,0.000,0.000) 指令加速度=(0.000,0.000,0.000) 滚转角=0.15度 俯仰角=0.20度
11:41:44.615789 [轨迹] 序号=187 单调时间=11335.635277 时间=11335.635 模式=AUTO.LAND 起飞状态=未执行起飞 水平控制=位置保持 类型掩码=3520 实际位置NED=(0.071,-0.013,-1.724) 实际速度=(0.015,0.002,0.658) 最终目标=(0.071,-0.013,-1.724) 指令位置=(0.071,-0.013,-1.724) 指令速度=(0.000,0.000,0.000) 指令加速度=(0.000,0.000,0.000) 滚转角=0.16度 俯仰角=0.20度
11:41:44.718681 [轨迹] 序号=188 单调时间=11335.738132 时间=11335.738 模式=AUTO.LAND 起飞状态=未执行起飞 水平控制=位置保持 类型掩码=3520 实际位置NED=(0.070,-0.014,-1.698) 实际速度=(0.013,0.001,0.659) 最终目标=(0.070,-0.014,-1.698) 指令位置=(0.070,-0.014,-1.698) 指令速度=(0.000,0.000,0.000) 指令加速度=(0.000,0.000,0.000) 滚转角=0.16度 俯仰角=0.19度
11:41:44.822219 [轨迹] 序号=189 单调时间=11335.841522 时间=11335.842 模式=AUTO.LAND 起飞状态=未执行起飞 水平控制=位置保持 类型掩码=3520 实际位置NED=(0.070,-0.014,-1.677) 实际速度=(0.012,-0.000,0.660) 最终目标=(0.070,-0.014,-1.677) 指令位置=(0.070,-0.014,-1.677) 指令速度=(0.000,0.000,0.000) 指令加速度=(0.000,0.000,0.000) 滚转角=0.16度 俯仰角=0.18度
11:41:44.925592 [轨迹] 序号=190 单调时间=11335.944882 时间=11335.945 模式=AUTO.LAND 起飞状态=未执行起飞 水平控制=位置保持 类型掩码=3520 实际位置NED=(0.069,-0.014,-1.657) 实际速度=(0.010,-0.001,0.655) 最终目标=(0.069,-0.014,-1.657) 指令位置=(0.069,-0.014,-1.657) 指令速度=(0.000,0.000,0.000) 指令加速度=(0.000,0.000,0.000) 滚转角=0.15度 俯仰角=0.18度
11:41:45.029133 [轨迹] 序号=191 单调时间=11336.048297 时间=11336.048 模式=AUTO.LAND 起飞状态=未执行起飞 水平控制=位置保持 类型掩码=3520 实际位置NED=(0.068,-0.014,-1.637) 实际速度=(0.008,-0.002,0.652) 最终目标=(0.068,-0.014,-1.637) 指令位置=(0.068,-0.014,-1.637) 指令速度=(0.000,0.000,0.000) 指令加速度=(0.000,0.000,0.000) 滚转角=0.14度 俯仰角=0.17度
11:41:45.132596 [轨迹] 序号=192 单调时间=11336.151873 时间=11336.152 模式=AUTO.LAND 起飞状态=未执行起飞 水平控制=位置保持 类型掩码=3520 实际位置NED=(0.065,-0.014,-1.597) 实际速度=(0.005,-0.003,0.653) 最终目标=(0.065,-0.014,-1.597) 指令位置=(0.065,-0.014,-1.597) 指令速度=(0.000,0.000,0.000) 指令加速度=(0.000,0.000,0.000) 滚转角=0.13度 俯仰角=0.16度
11:41:45.235934 [轨迹] 序号=193 单调时间=11336.255419 时间=11336.255 模式=AUTO.LAND 起飞状态=未执行起飞 水平控制=位置保持 类型掩码=3520 实际位置NED=(0.064,-0.014,-1.572) 实际速度=(0.004,-0.003,0.656) 最终目标=(0.064,-0.014,-1.572) 指令位置=(0.064,-0.014,-1.572) 指令速度=(0.000,0.000,0.000) 指令加速度=(0.000,0.000,0.000) 滚转角=0.11度 俯仰角=0.16度
11:41:45.339306 [轨迹] 序号=194 单调时间=11336.358772 时间=11336.359 模式=AUTO.LAND 起飞状态=未执行起飞 水平控制=位置保持 类型掩码=3520 实际位置NED=(0.063,-0.013,-1.551) 实际速度=(0.003,-0.002,0.659) 最终目标=(0.063,-0.013,-1.551) 指令位置=(0.063,-0.013,-1.551) 指令速度=(0.000,0.000,0.000) 指令加速度=(0.000,0.000,0.000) 滚转角=0.09度 俯仰角=0.16度
11:41:45.443027 [轨迹] 序号=195 单调时间=11336.462279 时间=11336.462 模式=AUTO.LAND 起飞状态=未执行起飞 水平控制=位置保持 类型掩码=3520 实际位置NED=(0.063,-0.013,-1.531) 实际速度=(0.001,-0.002,0.662) 最终目标=(0.063,-0.013,-1.531) 指令位置=(0.063,-0.013,-1.531) 指令速度=(0.000,0.000,0.000) 指令加速度=(0.000,0.000,0.000) 滚转角=0.07度 俯仰角=0.16度
11:41:45.546174 [轨迹] 序号=196 单调时间=11336.565563 时间=11336.566 模式=AUTO.LAND 起飞状态=未执行起飞 水平控制=位置保持 类型掩码=3520 实际位置NED=(0.062,-0.012,-1.510) 实际速度=(0.001,-0.002,0.666) 最终目标=(0.062,-0.012,-1.510) 指令位置=(0.062,-0.012,-1.510) 指令速度=(0.000,0.000,0.000) 指令加速度=(0.000,0.000,0.000) 滚转角=0.05度 俯仰角=0.16度
11:41:45.650060 [轨迹] 序号=197 单调时间=11336.669396 时间=11336.669 模式=AUTO.LAND 起飞状态=未执行起飞 水平控制=位置保持 类型掩码=3520 实际位置NED=(0.060,-0.011,-1.469) 实际速度=(-0.001,-0.001,0.673) 最终目标=(0.060,-0.011,-1.469) 指令位置=(0.060,-0.011,-1.469) 指令速度=(0.000,0.000,0.000) 指令加速度=(0.000,0.000,0.000) 滚转角=0.02度 俯仰角=0.17度
11:41:45.753567 [轨迹] 序号=198 单调时间=11336.772834 时间=11336.773 模式=AUTO.LAND 起飞状态=未执行起飞 水平控制=位置保持 类型掩码=3520 实际位置NED=(0.059,-0.010,-1.442) 实际速度=(-0.001,-0.000,0.677) 最终目标=(0.059,-0.010,-1.442) 指令位置=(0.059,-0.010,-1.442) 指令速度=(0.000,0.000,0.000) 指令加速度=(0.000,0.000,0.000) 滚转角=0.00度 俯仰角=0.18度
11:41:45.857182 [轨迹] 序号=199 单调时间=11336.876479 时间=11336.876 模式=AUTO.LAND 起飞状态=未执行起飞 水平控制=位置保持 类型掩码=3520 实际位置NED=(0.057,-0.008,-1.399) 实际速度=(-0.002,-0.000,0.684) 最终目标=(0.057,-0.008,-1.399) 指令位置=(0.057,-0.008,-1.399) 指令速度=(0.000,0.000,0.000) 指令加速度=(0.000,0.000,0.000) 滚转角=-0.03度 俯仰角=0.20度
11:41:45.960368 [轨迹] 序号=200 单调时间=11336.979632 时间=11336.980 模式=AUTO.LAND 起飞状态=未执行起飞 水平控制=位置保持 类型掩码=3520 实际位置NED=(0.056,-0.008,-1.377) 实际速度=(-0.002,-0.001,0.686) 最终目标=(0.056,-0.008,-1.377) 指令位置=(0.056,-0.008,-1.377) 指令速度=(0.000,0.000,0.000) 指令加速度=(0.000,0.000,0.000) 滚转角=-0.04度 俯仰角=0.21度
11:41:46.063644 [轨迹] 序号=201 单调时间=11337.083035 时间=11337.083 模式=AUTO.LAND 起飞状态=未执行起飞 水平控制=位置保持 类型掩码=3520 实际位置NED=(0.056,-0.008,-1.355) 实际速度=(-0.002,-0.001,0.689) 最终目标=(0.056,-0.008,-1.355) 指令位置=(0.056,-0.008,-1.355) 指令速度=(0.000,0.000,0.000) 指令加速度=(0.000,0.000,0.000) 滚转角=-0.05度 俯仰角=0.23度
11:41:46.166934 [轨迹] 序号=202 单调时间=11337.186215 时间=11337.186 模式=AUTO.LAND 起飞状态=未执行起飞 水平控制=位置保持 类型掩码=3520 实际位置NED=(0.055,-0.008,-1.333) 实际速度=(-0.001,-0.002,0.691) 最终目标=(0.055,-0.008,-1.333) 指令位置=(0.055,-0.008,-1.333) 指令速度=(0.000,0.000,0.000) 指令加速度=(0.000,0.000,0.000) 滚转角=-0.07度 俯仰角=0.24度
11:41:46.267178 [轨迹] 序号=203 单调时间=11337.286430 时间=11337.286 模式=AUTO.LAND 起飞状态=未执行起飞 水平控制=位置保持 类型掩码=3520 实际位置NED=(0.055,-0.007,-1.305) 实际速度=(-0.001,-0.002,0.694) 最终目标=(0.055,-0.007,-1.305) 指令位置=(0.055,-0.007,-1.305) 指令速度=(0.000,0.000,0.000) 指令加速度=(0.000,0.000,0.000) 滚转角=-0.08度 俯仰角=0.25度
11:41:46.370619 [轨迹] 序号=204 单调时间=11337.389194 时间=11337.389 模式=AUTO.LAND 起飞状态=未执行起飞 水平控制=位置保持 类型掩码=3520 实际位置NED=(0.055,-0.005,-1.260) 实际速度=(0.001,-0.002,0.697) 最终目标=(0.055,-0.005,-1.260) 指令位置=(0.055,-0.005,-1.260) 指令速度=(0.000,0.000,0.000) 指令加速度=(0.000,0.000,0.000) 滚转角=-0.09度 俯仰角=0.26度
11:41:46.474160 [轨迹] 序号=205 单调时间=11337.493476 时间=11337.493 模式=AUTO.LAND 起飞状态=未执行起飞 水平控制=位置保持 类型掩码=3520 实际位置NED=(0.056,-0.004,-1.237) 实际速度=(0.002,-0.002,0.698) 最终目标=(0.056,-0.004,-1.237) 指令位置=(0.056,-0.004,-1.237) 指令速度=(0.000,0.000,0.000) 指令加速度=(0.000,0.000,0.000) 滚转角=-0.09度 俯仰角=0.27度
11:41:46.577228 [轨迹] 序号=206 单调时间=11337.596584 时间=11337.597 模式=AUTO.LAND 起飞状态=未执行起飞 水平控制=位置保持 类型掩码=3520 实际位置NED=(0.056,-0.003,-1.215) 实际速度=(0.004,-0.001,0.699) 最终目标=(0.056,-0.003,-1.215) 指令位置=(0.056,-0.003,-1.215) 指令速度=(0.000,0.000,0.000) 指令加速度=(0.000,0.000,0.000) 滚转角=-0.09度 俯仰角=0.27度
11:41:46.680205 [轨迹] 序号=207 单调时间=11337.699573 时间=11337.700 模式=AUTO.LAND 起飞状态=未执行起飞 水平控制=位置保持 类型掩码=3520 实际位置NED=(0.057,-0.002,-1.192) 实际速度=(0.005,-0.000,0.699) 最终目标=(0.057,-0.002,-1.192) 指令位置=(0.057,-0.002,-1.192) 指令速度=(0.000,0.000,0.000) 指令加速度=(0.000,0.000,0.000) 滚转角=-0.09度 俯仰角=0.28度
11:41:46.781073 [轨迹] 序号=208 单调时间=11337.800278 时间=11337.800 模式=AUTO.LAND 起飞状态=未执行起飞 水平控制=位置保持 类型掩码=3520 实际位置NED=(0.058,0.000,-1.163) 实际速度=(0.006,0.001,0.700) 最终目标=(0.058,0.000,-1.163) 指令位置=(0.058,0.000,-1.163) 指令速度=(0.000,0.000,0.000) 指令加速度=(0.000,0.000,0.000) 滚转角=-0.09度 俯仰角=0.29度
11:41:46.884673 [轨迹] 序号=209 单调时间=11337.903952 时间=11337.904 模式=AUTO.LAND 起飞状态=未执行起飞 水平控制=位置保持 类型掩码=3520 实际位置NED=(0.058,0.002,-1.140) 实际速度=(0.007,0.001,0.700) 最终目标=(0.058,0.002,-1.140) 指令位置=(0.058,0.002,-1.140) 指令速度=(0.000,0.000,0.000) 指令加速度=(0.000,0.000,0.000) 滚转角=-0.07度 俯仰角=0.31度
11:41:46.988682 [轨迹] 序号=210 单调时间=11338.007954 时间=11338.008 模式=AUTO.LAND 起飞状态=未执行起飞 水平控制=位置保持 类型掩码=3520 实际位置NED=(0.059,0.005,-1.094) 实际速度=(0.009,0.003,0.700) 最终目标=(0.059,0.005,-1.094) 指令位置=(0.059,0.005,-1.094) 指令速度=(0.000,0.000,0.000) 指令加速度=(0.000,0.000,0.000) 滚转角=-0.05度 俯仰角=0.32度
11:41:47.091772 [轨迹] 序号=211 单调时间=11338.111114 时间=11338.111 模式=AUTO.LAND 起飞状态=未执行起飞 水平控制=位置保持 类型掩码=3520 实际位置NED=(0.059,0.006,-1.071) 实际速度=(0.009,0.004,0.700) 最终目标=(0.059,0.006,-1.071) 指令位置=(0.059,0.006,-1.071) 指令速度=(0.000,0.000,0.000) 指令加速度=(0.000,0.000,0.000) 滚转角=-0.03度 俯仰角=0.34度
11:41:47.195109 [轨迹] 序号=212 单调时间=11338.214399 时间=11338.214 模式=AUTO.LAND 起飞状态=未执行起飞 水平控制=位置保持 类型掩码=3520 实际位置NED=(0.060,0.008,-1.047) 实际速度=(0.010,0.005,0.700) 最终目标=(0.060,0.008,-1.047) 指令位置=(0.060,0.008,-1.047) 指令速度=(0.000,0.000,0.000) 指令加速度=(0.000,0.000,0.000) 滚转角=-0.01度 俯仰角=0.37度
11:41:47.298532 [轨迹] 序号=213 单调时间=11338.317751 时间=11338.318 模式=AUTO.LAND 起飞状态=未执行起飞 水平控制=位置保持 类型掩码=3520 实际位置NED=(0.061,0.011,-1.018) 实际速度=(0.011,0.006,0.700) 最终目标=(0.061,0.011,-1.018) 指令位置=(0.061,0.011,-1.018) 指令速度=(0.000,0.000,0.000) 指令加速度=(0.000,0.000,0.000) 滚转角=0.01度 俯仰角=0.39度
11:41:47.401700 [轨迹] 序号=214 单调时间=11338.421031 时间=11338.421 模式=AUTO.LAND 起飞状态=未执行起飞 水平控制=位置保持 类型掩码=3520 实际位置NED=(0.063,0.016,-0.972) 实际速度=(0.013,0.008,0.698) 最终目标=(0.063,0.016,-0.972) 指令位置=(0.063,0.016,-0.972) 指令速度=(0.000,0.000,0.000) 指令加速度=(0.000,0.000,0.000) 滚转角=0.03度 俯仰角=0.43度
11:41:47.505188 [轨迹] 序号=215 单调时间=11338.524434 时间=11338.524 模式=AUTO.LAND 起飞状态=未执行起飞 水平控制=位置保持 类型掩码=3520 实际位置NED=(0.064,0.019,-0.948) 实际速度=(0.014,0.010,0.692) 最终目标=(0.064,0.019,-0.948) 指令位置=(0.064,0.019,-0.948) 指令速度=(0.000,0.000,0.000) 指令加速度=(0.000,0.000,0.000) 滚转角=0.04度 俯仰角=0.45度
11:41:47.609395 [轨迹] 序号=216 单调时间=11338.628694 时间=11338.629 模式=AUTO.LAND 起飞状态=未执行起飞 水平控制=位置保持 类型掩码=3520 实际位置NED=(0.066,0.022,-0.926) 实际速度=(0.016,0.011,0.679) 最终目标=(0.066,0.022,-0.926) 指令位置=(0.066,0.022,-0.926) 指令速度=(0.000,0.000,0.000) 指令加速度=(0.000,0.000,0.000) 滚转角=0.07度 俯仰角=0.48度
11:41:47.712991 [轨迹] 序号=217 单调时间=11338.732332 时间=11338.732 模式=AUTO.LAND 起飞状态=未执行起飞 水平控制=位置保持 类型掩码=3520 实际位置NED=(0.067,0.024,-0.903) 实际速度=(0.016,0.011,0.659) 最终目标=(0.067,0.024,-0.903) 指令位置=(0.067,0.024,-0.903) 指令速度=(0.000,0.000,0.000) 指令加速度=(0.000,0.000,0.000) 滚转角=0.09度 俯仰角=0.52度
11:41:47.817605 [轨迹] 序号=218 单调时间=11338.836929 时间=11338.837 模式=AUTO.LAND 起飞状态=未执行起飞 水平控制=位置保持 类型掩码=3520 实际位置NED=(0.067,0.026,-0.876) 实际速度=(0.015,0.009,0.625) 最终目标=(0.067,0.026,-0.876) 指令位置=(0.067,0.026,-0.876) 指令速度=(0.000,0.000,0.000) 指令加速度=(0.000,0.000,0.000) 滚转角=0.12度 俯仰角=0.56度
11:41:47.921110 [轨迹] 序号=219 单调时间=11338.940424 时间=11338.940 模式=AUTO.LAND 起飞状态=未执行起飞 水平控制=位置保持 类型掩码=3520 实际位置NED=(0.066,0.028,-0.836) 实际速度=(0.011,0.005,0.554) 最终目标=(0.066,0.028,-0.836) 指令位置=(0.066,0.028,-0.836) 指令速度=(0.000,0.000,0.000) 指令加速度=(0.000,0.000,0.000) 滚转角=0.16度 俯仰角=0.61度
11:41:48.024335 [轨迹] 序号=220 单调时间=11339.043678 时间=11339.044 模式=AUTO.LAND 起飞状态=未执行起飞 水平控制=位置保持 类型掩码=3520 实际位置NED=(0.065,0.029,-0.818) 实际速度=(0.009,0.002,0.510) 最终目标=(0.065,0.029,-0.818) 指令位置=(0.065,0.029,-0.818) 指令速度=(0.000,0.000,0.000) 指令加速度=(0.000,0.000,0.000) 滚转角=0.18度 俯仰角=0.63度
11:41:48.127409 [轨迹] 序号=221 单调时间=11339.146792 时间=11339.147 模式=AUTO.LAND 起飞状态=未执行起飞 水平控制=位置保持 类型掩码=3520 实际位置NED=(0.064,0.029,-0.802) 实际速度=(0.006,-0.002,0.462) 最终目标=(0.064,0.029,-0.802) 指令位置=(0.064,0.029,-0.802) 指令速度=(0.000,0.000,0.000) 指令加速度=(0.000,0.000,0.000) 滚转角=0.19度 俯仰角=0.65度
11:41:48.231053 [轨迹] 序号=222 单调时间=11339.250355 时间=11339.250 模式=AUTO.LAND 起飞状态=未执行起飞 水平控制=位置保持 类型掩码=3520 实际位置NED=(0.059,0.028,-0.771) 实际速度=(-0.003,-0.010,0.345) 最终目标=(0.059,0.028,-0.771) 指令位置=(0.059,0.028,-0.771) 指令速度=(0.000,0.000,0.000) 指令加速度=(0.000,0.000,0.000) 滚转角=0.19度 俯仰角=0.66度
11:41:48.331880 [轨迹] 序号=223 单调时间=11339.351308 时间=11339.351 模式=AUTO.LAND 起飞状态=未执行起飞 水平控制=位置保持 类型掩码=3520 实际位置NED=(0.057,0.028,-0.760) 实际速度=(-0.006,-0.014,0.302) 最终目标=(0.057,0.028,-0.760) 指令位置=(0.057,0.028,-0.760) 指令速度=(0.000,0.000,0.000) 指令加速度=(0.000,0.000,0.000) 滚转角=0.18度 俯仰角=0.66度
11:41:48.436189 [轨迹] 序号=224 单调时间=11339.455496 时间=11339.455 模式=AUTO.LAND 起飞状态=未执行起飞 水平控制=位置保持 类型掩码=3520 实际位置NED=(0.055,0.027,-0.750) 实际速度=(-0.009,-0.018,0.269) 最终目标=(0.055,0.027,-0.750) 指令位置=(0.055,0.027,-0.750) 指令速度=(0.000,0.000,0.000) 指令加速度=(0.000,0.000,0.000) 滚转角=0.14度 俯仰角=0.64度
11:41:48.539266 [轨迹] 序号=225 单调时间=11339.558487 时间=11339.558 模式=AUTO.LAND 起飞状态=未执行起飞 水平控制=位置保持 类型掩码=3520 实际位置NED=(0.052,0.026,-0.740) 实际速度=(-0.012,-0.022,0.246) 最终目标=(0.052,0.026,-0.740) 指令位置=(0.052,0.026,-0.740) 指令速度=(0.000,0.000,0.000) 指令加速度=(0.000,0.000,0.000) 滚转角=0.10度 俯仰角=0.63度
11:41:48.643417 [轨迹] 序号=226 单调时间=11339.662756 时间=11339.663 模式=AUTO.LAND 起飞状态=未执行起飞 水平控制=位置保持 类型掩码=3520 实际位置NED=(0.048,0.023,-0.724) 实际速度=(-0.017,-0.028,0.223) 最终目标=(0.048,0.023,-0.724) 指令位置=(0.048,0.023,-0.724) 指令速度=(0.000,0.000,0.000) 指令加速度=(0.000,0.000,0.000) 滚转角=0.02度 俯仰角=0.59度
11:41:48.747181 [轨迹] 序号=227 单调时间=11339.766382 时间=11339.766 模式=AUTO.LAND 起飞状态=未执行起飞 水平控制=位置保持 类型掩码=3520 实际位置NED=(0.046,0.021,-0.714) 实际速度=(-0.018,-0.032,0.223) 最终目标=(0.046,0.021,-0.714) 指令位置=(0.046,0.021,-0.714) 指令速度=(0.000,0.000,0.000) 指令加速度=(0.000,0.000,0.000) 滚转角=-0.02度 俯仰角=0.56度
11:41:48.850665 [轨迹] 序号=228 单调时间=11339.869990 时间=11339.870 模式=AUTO.LAND 起飞状态=未执行起飞 水平控制=位置保持 类型掩码=3520 实际位置NED=(0.044,0.020,-0.706) 实际速度=(-0.018,-0.035,0.230) 最终目标=(0.044,0.020,-0.706) 指令位置=(0.044,0.020,-0.706) 指令速度=(0.000,0.000,0.000) 指令加速度=(0.000,0.000,0.000) 滚转角=-0.08度 俯仰角=0.53度
11:41:48.954808 [轨迹] 序号=229 单调时间=11339.973880 时间=11339.974 模式=AUTO.LAND 起飞状态=未执行起飞 水平控制=位置保持 类型掩码=3520 实际位置NED=(0.043,0.018,-0.698) 实际速度=(-0.018,-0.037,0.242) 最终目标=(0.043,0.018,-0.698) 指令位置=(0.043,0.018,-0.698) 指令速度=(0.000,0.000,0.000) 指令加速度=(0.000,0.000,0.000) 滚转角=-0.14度 俯仰角=0.50度
11:41:49.058087 [轨迹] 序号=230 单调时间=11340.077330 时间=11340.077 模式=AUTO.LAND 起飞状态=未执行起飞 水平控制=位置保持 类型掩码=3520 实际位置NED=(0.041,0.016,-0.689) 实际速度=(-0.017,-0.039,0.257) 最终目标=(0.041,0.016,-0.689) 指令位置=(0.041,0.016,-0.689) 指令速度=(0.000,0.000,0.000) 指令加速度=(0.000,0.000,0.000) 滚转角=-0.18度 俯仰角=0.47度
11:41:49.161061 [轨迹] 序号=231 单调时间=11340.180451 时间=11340.180 模式=AUTO.LAND 起飞状态=未执行起飞 水平控制=位置保持 类型掩码=3520 实际位置NED=(0.040,0.012,-0.672) 实际速度=(-0.014,-0.043,0.284) 最终目标=(0.040,0.012,-0.672) 指令位置=(0.040,0.012,-0.672) 指令速度=(0.000,0.000,0.000) 指令加速度=(0.000,0.000,0.000) 滚转角=-0.25度 俯仰角=0.42度
11:41:49.264890 [轨迹] 序号=232 单调时间=11340.284290 时间=11340.284 模式=AUTO.LAND 起飞状态=未执行起飞 水平控制=位置保持 类型掩码=3520 实际位置NED=(0.040,0.010,-0.659) 实际速度=(-0.011,-0.046,0.299) 最终目标=(0.040,0.010,-0.659) 指令位置=(0.040,0.010,-0.659) 指令速度=(0.000,0.000,0.000) 指令加速度=(0.000,0.000,0.000) 滚转角=-0.28度 俯仰角=0.38度
11:41:49.368434 [轨迹] 序号=233 单调时间=11340.387367 时间=11340.387 模式=AUTO.LAND 起飞状态=未执行起飞 水平控制=位置保持 类型掩码=3520 实际位置NED=(0.040,0.007,-0.649) 实际速度=(-0.007,-0.048,0.308) 最终目标=(0.040,0.007,-0.649) 指令位置=(0.040,0.007,-0.649) 指令速度=(0.000,0.000,0.000) 指令加速度=(0.000,0.000,0.000) 滚转角=-0.31度 俯仰角=0.34度
11:41:49.471499 [轨迹] 序号=234 单调时间=11340.490854 时间=11340.491 模式=AUTO.LAND 起飞状态=未执行起飞 水平控制=位置保持 类型掩码=3520 实际位置NED=(0.041,0.004,-0.638) 实际速度=(-0.003,-0.051,0.315) 最终目标=(0.041,0.004,-0.638) 指令位置=(0.041,0.004,-0.638) 指令速度=(0.000,0.000,0.000) 指令加速度=(0.000,0.000,0.000) 滚转角=-0.33度 俯仰角=0.30度
11:41:49.575158 [轨迹] 序号=235 单调时间=11340.594491 时间=11340.594 模式=AUTO.LAND 起飞状态=未执行起飞 水平控制=位置保持 类型掩码=3520 实际位置NED=(0.042,0.002,-0.627) 实际速度=(0.002,-0.053,0.320) 最终目标=(0.042,0.002,-0.627) 指令位置=(0.042,0.002,-0.627) 指令速度=(0.000,0.000,0.000) 指令加速度=(0.000,0.000,0.000) 滚转角=-0.33度 俯仰角=0.27度
11:41:49.678304 [轨迹] 序号=236 单调时间=11340.697665 时间=11340.698 模式=AUTO.LAND 起飞状态=未执行起飞 水平控制=位置保持 类型掩码=3520 实际位置NED=(0.046,-0.004,-0.604) 实际速度=(0.013,-0.057,0.326) 最终目标=(0.046,-0.004,-0.604) 指令位置=(0.046,-0.004,-0.604) 指令速度=(0.000,0.000,0.000) 指令加速度=(0.000,0.000,0.000) 滚转角=-0.32度 俯仰角=0.20度
11:41:49.781884 [轨迹] 序号=237 单调时间=11340.801186 时间=11340.801 模式=AUTO.LAND 起飞状态=未执行起飞 水平控制=位置保持 类型掩码=3520 实际位置NED=(0.049,-0.008,-0.589) 实际速度=(0.020,-0.059,0.328) 最终目标=(0.049,-0.008,-0.589) 指令位置=(0.049,-0.008,-0.589) 指令速度=(0.000,0.000,0.000) 指令加速度=(0.000,0.000,0.000) 滚转角=-0.31度 俯仰角=0.16度
11:41:49.885096 [轨迹] 序号=238 单调时间=11340.904237 时间=11340.904 模式=AUTO.LAND 起飞状态=未执行起飞 水平控制=位置保持 类型掩码=3520 实际位置NED=(0.053,-0.011,-0.578) 实际速度=(0.027,-0.061,0.328) 最终目标=(0.053,-0.011,-0.578) 指令位置=(0.053,-0.011,-0.578) 指令速度=(0.000,0.000,0.000) 指令加速度=(0.000,0.000,0.000) 滚转角=-0.27度 俯仰角=0.10度
11:41:49.988398 [轨迹] 序号=239 单调时间=11341.007665 时间=11341.008 模式=AUTO.LAND 起飞状态=未执行起飞 水平控制=位置保持 类型掩码=3520 实际位置NED=(0.061,-0.018,-0.555) 实际速度=(0.040,-0.064,0.328) 最终目标=(0.061,-0.018,-0.555) 指令位置=(0.061,-0.018,-0.555) 指令速度=(0.000,0.000,0.000) 指令加速度=(0.000,0.000,0.000) 滚转角=-0.21度 俯仰角=0.03度
11:41:50.091742 [轨迹] 序号=240 单调时间=11341.111166 时间=11341.111 模式=AUTO.LAND 起飞状态=未执行起飞 水平控制=位置保持 类型掩码=3520 实际位置NED=(0.064,-0.021,-0.546) 实际速度=(0.045,-0.065,0.327) 最终目标=(0.064,-0.021,-0.546) 指令位置=(0.064,-0.021,-0.546) 指令速度=(0.000,0.000,0.000) 指令加速度=(0.000,0.000,0.000) 滚转角=-0.17度 俯仰角=-0.01度
11:41:50.195987 [轨迹] 序号=241 单调时间=11341.215294 时间=11341.215 模式=AUTO.LAND 起飞状态=未执行起飞 水平控制=位置保持 类型掩码=3520 实际位置NED=(0.069,-0.024,-0.534) 实际速度=(0.052,-0.066,0.325) 最终目标=(0.069,-0.024,-0.534) 指令位置=(0.069,-0.024,-0.534) 指令速度=(0.000,0.000,0.000) 指令加速度=(0.000,0.000,0.000) 滚转角=-0.08度 俯仰角=-0.07度
11:41:50.299826 [轨迹] 序号=242 单调时间=11341.319086 时间=11341.319 模式=AUTO.LAND 起飞状态=未执行起飞 水平控制=位置保持 类型掩码=3520 实际位置NED=(0.074,-0.028,-0.523) 实际速度=(0.059,-0.067,0.324) 最终目标=(0.074,-0.028,-0.523) 指令位置=(0.074,-0.028,-0.523) 指令速度=(0.000,0.000,0.000) 指令加速度=(0.000,0.000,0.000) 滚转角=-0.01度 俯仰角=-0.12度
11:41:50.403025 [轨迹] 序号=243 单调时间=11341.422373 时间=11341.422 模式=AUTO.LAND 起飞状态=未执行起飞 水平控制=位置保持 类型掩码=3520 实际位置NED=(0.080,-0.031,-0.511) 实际速度=(0.065,-0.068,0.323) 最终目标=(0.080,-0.031,-0.511) 指令位置=(0.080,-0.031,-0.511) 指令速度=(0.000,0.000,0.000) 指令加速度=(0.000,0.000,0.000) 滚转角=0.09度 俯仰角=-0.19度
11:41:50.506400 [轨迹] 序号=244 单调时间=11341.525587 时间=11341.526 模式=AUTO.LAND 起飞状态=未执行起飞 水平控制=位置保持 类型掩码=3520 实际位置NED=(0.086,-0.035,-0.500) 实际速度=(0.071,-0.068,0.322) 最终目标=(0.086,-0.035,-0.500) 指令位置=(0.086,-0.035,-0.500) 指令速度=(0.000,0.000,0.000) 指令加速度=(0.000,0.000,0.000) 滚转角=0.16度 俯仰角=-0.23度
11:41:50.609589 [轨迹] 序号=245 单调时间=11341.628921 时间=11341.629 模式=AUTO.LAND 起飞状态=未执行起飞 水平控制=位置保持 类型掩码=3520 实际位置NED=(0.094,-0.040,-0.485) 实际速度=(0.078,-0.069,0.320) 最终目标=(0.094,-0.040,-0.485) 指令位置=(0.094,-0.040,-0.485) 指令速度=(0.000,0.000,0.000) 指令加速度=(0.000,0.000,0.000) 滚转角=0.28度 俯仰角=-0.30度
11:41:50.713924 [轨迹] 序号=246 单调时间=11341.733096 时间=11341.733 模式=AUTO.LAND 起飞状态=未执行起飞 水平控制=位置保持 类型掩码=3520 实际位置NED=(0.107,-0.047,-0.462) 实际速度=(0.088,-0.069,0.317) 最终目标=(0.107,-0.047,-0.462) 指令位置=(0.107,-0.047,-0.462) 指令速度=(0.000,0.000,0.000) 指令加速度=(0.000,0.000,0.000) 滚转角=0.47度 俯仰角=-0.39度
11:41:50.817716 [轨迹] 序号=247 单调时间=11341.837186 时间=11341.837 模式=AUTO.LAND 起飞状态=未执行起飞 水平控制=位置保持 类型掩码=3520 实际位置NED=(0.114,-0.051,-0.451) 实际速度=(0.091,-0.069,0.314) 最终目标=(0.114,-0.051,-0.451) 指令位置=(0.114,-0.051,-0.451) 指令速度=(0.000,0.000,0.000) 指令加速度=(0.000,0.000,0.000) 滚转角=0.54度 俯仰角=-0.42度
11:41:50.921014 [轨迹] 序号=248 单调时间=11341.940476 时间=11341.940 模式=AUTO.LAND 起飞状态=未执行起飞 水平控制=位置保持 类型掩码=3520 实际位置NED=(0.121,-0.055,-0.440) 实际速度=(0.094,-0.068,0.312) 最终目标=(0.121,-0.055,-0.440) 指令位置=(0.121,-0.055,-0.440) 指令速度=(0.000,0.000,0.000) 指令加速度=(0.000,0.000,0.000) 滚转角=0.72度 俯仰角=-0.51度
11:41:51.024395 [轨迹] 序号=249 单调时间=11342.043730 时间=11342.044 模式=AUTO.LAND 起飞状态=未执行起飞 水平控制=位置保持 类型掩码=3520 实际位置NED=(0.127,-0.058,-0.429) 实际速度=(0.096,-0.067,0.310) 最终目标=(0.127,-0.058,-0.429) 指令位置=(0.127,-0.058,-0.429) 指令速度=(0.000,0.000,0.000) 指令加速度=(0.000,0.000,0.000) 滚转角=0.85度 俯仰角=-0.57度
11:41:51.127748 [轨迹] 序号=250 单调时间=11342.147109 时间=11342.147 模式=AUTO.LAND 起飞状态=未执行起飞 水平控制=位置保持 类型掩码=3520 实际位置NED=(0.135,-0.063,-0.416) 实际速度=(0.095,-0.065,0.307) 最终目标=(0.135,-0.063,-0.416) 指令位置=(0.135,-0.063,-0.416) 指令速度=(0.000,0.000,0.000) 指令加速度=(0.000,0.000,0.000) 滚转角=0.95度 俯仰角=-0.61度
11:41:51.231251 [轨迹] 序号=251 单调时间=11342.250638 时间=11342.251 模式=AUTO.LAND 起飞状态=未执行起飞 水平控制=位置保持 类型掩码=3520 实际位置NED=(0.147,-0.070,-0.395) 实际速度=(0.089,-0.062,0.302) 最终目标=(0.147,-0.070,-0.395) 指令位置=(0.147,-0.070,-0.395) 指令速度=(0.000,0.000,0.000) 指令加速度=(0.000,0.000,0.000) 滚转角=1.15度 俯仰角=-0.70度
11:41:51.334316 [轨迹] 序号=252 单调时间=11342.353682 时间=11342.354 模式=AUTO.LAND 起飞状态=未执行起飞 水平控制=位置保持 类型掩码=3520 实际位置NED=(0.152,-0.073,-0.386) 实际速度=(0.083,-0.059,0.299) 最终目标=(0.152,-0.073,-0.386) 指令位置=(0.152,-0.073,-0.386) 指令速度=(0.000,0.000,0.000) 指令加速度=(0.000,0.000,0.000) 滚转角=1.24度 俯仰角=-0.75度
11:41:51.437753 [轨迹] 序号=253 单调时间=11342.457138 时间=11342.457 模式=AUTO.LAND 起飞状态=未执行起飞 水平控制=位置保持 类型掩码=3520 实际位置NED=(0.156,-0.076,-0.376) 实际速度=(0.075,-0.056,0.297) 最终目标=(0.156,-0.076,-0.376) 指令位置=(0.156,-0.076,-0.376) 指令速度=(0.000,0.000,0.000) 指令加速度=(0.000,0.000,0.000) 滚转角=1.32度 俯仰角=-0.79度
11:41:51.537982 [轨迹] 序号=254 单调时间=11342.557281 时间=11342.557 模式=AUTO.LAND 起飞状态=未执行起飞 水平控制=位置保持 类型掩码=3520 实际位置NED=(0.160,-0.078,-0.367) 实际速度=(0.066,-0.051,0.295) 最终目标=(0.160,-0.078,-0.367) 指令位置=(0.160,-0.078,-0.367) 指令速度=(0.000,0.000,0.000) 指令加速度=(0.000,0.000,0.000) 滚转角=1.40度 俯仰角=-0.84度
11:41:51.641606 [轨迹] 序号=255 单调时间=11342.660650 时间=11342.661 模式=AUTO.LAND 起飞状态=未执行起飞 水平控制=位置保持 类型掩码=3520 实际位置NED=(0.163,-0.080,-0.355) 实际速度=(0.053,-0.045,0.293) 最终目标=(0.163,-0.080,-0.355) 指令位置=(0.163,-0.080,-0.355) 指令速度=(0.000,0.000,0.000) 指令加速度=(0.000,0.000,0.000) 滚转角=1.44度 俯仰角=-0.88度
11:41:51.745425 [轨迹] 序号=256 单调时间=11342.764723 时间=11342.765 模式=AUTO.LAND 起飞状态=未执行起飞 水平控制=位置保持 类型掩码=3520 实际位置NED=(0.166,-0.083,-0.336) 实际速度=(0.030,-0.032,0.292) 最终目标=(0.166,-0.083,-0.336) 指令位置=(0.166,-0.083,-0.336) 指令速度=(0.000,0.000,0.000) 指令加速度=(0.000,0.000,0.000) 滚转角=1.46度 俯仰角=-0.90度
11:41:51.849579 [轨迹] 序号=257 单调时间=11342.868882 时间=11342.869 模式=AUTO.LAND 起飞状态=未执行起飞 水平控制=位置保持 类型掩码=3520 实际位置NED=(0.167,-0.084,-0.327) 实际速度=(0.018,-0.026,0.292) 最终目标=(0.167,-0.084,-0.327) 指令位置=(0.167,-0.084,-0.327) 指令速度=(0.000,0.000,0.000) 指令加速度=(0.000,0.000,0.000) 滚转角=1.43度 俯仰角=-0.91度
11:41:51.953596 [轨迹] 序号=258 单调时间=11342.972993 时间=11342.973 模式=AUTO.LAND 起飞状态=未执行起飞 水平控制=位置保持 类型掩码=3520 实际位置NED=(0.167,-0.084,-0.317) 实际速度=(0.005,-0.019,0.291) 最终目标=(0.167,-0.084,-0.317) 指令位置=(0.167,-0.084,-0.317) 指令速度=(0.000,0.000,0.000) 指令加速度=(0.000,0.000,0.000) 滚转角=1.36度 俯仰角=-0.90度
11:41:52.056991 [轨迹] 序号=259 单调时间=11343.076411 时间=11343.076 模式=AUTO.LAND 起飞状态=未执行起飞 水平控制=位置保持 类型掩码=3520 实际位置NED=(0.166,-0.084,-0.308) 实际速度=(-0.007,-0.012,0.291) 最终目标=(0.166,-0.084,-0.308) 指令位置=(0.166,-0.084,-0.308) 指令速度=(0.000,0.000,0.000) 指令加速度=(0.000,0.000,0.000) 滚转角=1.28度 俯仰角=-0.86度
11:41:52.160046 [轨迹] 序号=260 单调时间=11343.179509 时间=11343.180 模式=AUTO.LAND 起飞状态=未执行起飞 水平控制=位置保持 类型掩码=3520 实际位置NED=(0.163,-0.083,-0.295) 实际速度=(-0.023,-0.003,0.292) 最终目标=(0.163,-0.083,-0.295) 指令位置=(0.163,-0.083,-0.295) 指令速度=(0.000,0.000,0.000) 指令加速度=(0.000,0.000,0.000) 滚转角=1.20度 俯仰角=-0.83度
11:41:52.265240 [轨迹] 序号=261 单调时间=11343.284561 时间=11343.285 模式=AUTO.LAND 起飞状态=未执行起飞 水平控制=位置保持 类型掩码=3520 实际位置NED=(0.158,-0.081,-0.275) 实际速度=(-0.048,0.011,0.293) 最终目标=(0.158,-0.081,-0.275) 指令位置=(0.158,-0.081,-0.275) 指令速度=(0.000,0.000,0.000) 指令加速度=(0.000,0.000,0.000) 滚转角=1.01度 俯仰角=-0.74度
11:41:52.368382 [轨迹] 序号=262 单调时间=11343.387729 时间=11343.388 模式=AUTO.LAND 起飞状态=未执行起飞 水平控制=位置保持 类型掩码=3520 实际位置NED=(0.154,-0.080,-0.264) 实际速度=(-0.060,0.017,0.294) 最终目标=(0.154,-0.080,-0.264) 指令位置=(0.154,-0.080,-0.264) 指令速度=(0.000,0.000,0.000) 指令加速度=(0.000,0.000,0.000) 滚转角=0.87度 俯仰角=-0.66度
11:41:52.471681 [轨迹] 序号=263 单调时间=11343.491055 时间=11343.491 模式=AUTO.LAND 起飞状态=未执行起飞 水平控制=位置保持 类型掩码=3520 实际位置NED=(0.144,-0.076,-0.242) 实际速度=(-0.042,-0.004,0.207) 最终目标=(0.144,-0.076,-0.242) 指令位置=(0.144,-0.076,-0.242) 指令速度=(0.000,0.000,0.000) 指令加速度=(0.000,0.000,0.000) 滚转角=0.67度 俯仰角=-0.54度
11:41:52.574674 [轨迹] 序号=264 单调时间=11343.594046 时间=11343.594 模式=AUTO.LAND 起飞状态=未执行起飞 水平控制=位置保持 类型掩码=3520 实际位置NED=(0.141,-0.076,-0.235) 实际速度=(0.005,-0.035,-0.003) 最终目标=(0.141,-0.076,-0.235) 指令位置=(0.141,-0.076,-0.235) 指令速度=(0.000,0.000,0.000) 指令加速度=(0.000,0.000,0.000) 滚转角=0.18度 俯仰角=0.08度
11:41:52.677527 [轨迹] 序号=265 单调时间=11343.696911 时间=11343.697 模式=AUTO.LAND 起飞状态=未执行起飞 水平控制=位置保持 类型掩码=3520 实际位置NED=(0.138,-0.075,-0.231) 实际速度=(-0.004,-0.026,0.023) 最终目标=(0.138,-0.075,-0.231) 指令位置=(0.138,-0.075,-0.231) 指令速度=(0.000,0.000,0.000) 指令加速度=(0.000,0.000,0.000) 滚转角=0.19度 俯仰角=0.07度
11:41:52.781359 [轨迹] 序号=266 单调时间=11343.800591 时间=11343.801 模式=AUTO.LAND 起飞状态=未执行起飞 水平控制=位置保持 类型掩码=3520 实际位置NED=(0.135,-0.074,-0.226) 实际速度=(-0.017,0.008,0.024) 最终目标=(0.135,-0.074,-0.226) 指令位置=(0.135,-0.074,-0.226) 指令速度=(0.000,0.000,0.000) 指令加速度=(0.000,0.000,0.000) 滚转角=0.17度 俯仰角=0.06度
11:41:52.885516 [轨迹] 序号=267 单调时间=11343.904726 时间=11343.905 模式=AUTO.LAND 起飞状态=未执行起飞 水平控制=位置保持 类型掩码=3520 实际位置NED=(0.131,-0.073,-0.221) 实际速度=(-0.024,0.012,0.028) 最终目标=(0.131,-0.073,-0.221) 指令位置=(0.131,-0.073,-0.221) 指令速度=(0.000,0.000,0.000) 指令加速度=(0.000,0.000,0.000) 滚转角=0.19度 俯仰角=0.05度
11:41:52.989431 [轨迹] 序号=268 单调时间=11344.008763 时间=11344.009 模式=AUTO.LAND 起飞状态=未执行起飞 水平控制=位置保持 类型掩码=3520 实际位置NED=(0.122,-0.068,-0.211) 实际速度=(-0.041,0.018,0.034) 最终目标=(0.122,-0.068,-0.211) 指令位置=(0.122,-0.068,-0.211) 指令速度=(0.000,0.000,0.000) 指令加速度=(0.000,0.000,0.000) 滚转角=0.21度 俯仰角=0.04度
11:41:53.092794 [轨迹] 序号=269 单调时间=11344.112108 时间=11344.112 模式=AUTO.LAND 起飞状态=未执行起飞 水平控制=位置保持 类型掩码=3520 实际位置NED=(0.117,-0.066,-0.208) 实际速度=(-0.046,0.021,0.035) 最终目标=(0.117,-0.066,-0.208) 指令位置=(0.117,-0.066,-0.208) 指令速度=(0.000,0.000,0.000) 指令加速度=(0.000,0.000,0.000) 滚转角=0.23度 俯仰角=0.03度
11:41:53.196467 [轨迹] 序号=270 单调时间=11344.215755 时间=11344.216 模式=AUTO.LAND 起飞状态=未执行起飞 水平控制=位置保持 类型掩码=3520 实际位置NED=(0.113,-0.064,-0.205) 实际速度=(-0.047,0.022,0.035) 最终目标=(0.113,-0.064,-0.205) 指令位置=(0.113,-0.064,-0.205) 指令速度=(0.000,0.000,0.000) 指令加速度=(0.000,0.000,0.000) 滚转角=0.22度 俯仰角=0.03度
11:41:53.299992 [轨迹] 序号=271 单调时间=11344.319358 时间=11344.319 模式=AUTO.LAND 起飞状态=未执行起飞 水平控制=位置保持 类型掩码=3520 实际位置NED=(0.109,-0.063,-0.202) 实际速度=(-0.046,0.022,0.035) 最终目标=(0.109,-0.063,-0.202) 指令位置=(0.109,-0.063,-0.202) 指令速度=(0.000,0.000,0.000) 指令加速度=(0.000,0.000,0.000) 滚转角=0.22度 俯仰角=0.03度
11:41:53.401251 [轨迹] 序号=272 单调时间=11344.420484 时间=11344.420 模式=AUTO.LAND 起飞状态=未执行起飞 水平控制=位置保持 类型掩码=3520 实际位置NED=(0.106,-0.060,-0.198) 实际速度=(-0.044,0.021,0.036) 最终目标=(0.106,-0.060,-0.198) 指令位置=(0.106,-0.060,-0.198) 指令速度=(0.000,0.000,0.000) 指令加速度=(0.000,0.000,0.000) 滚转角=0.20度 俯仰角=0.04度
11:41:53.503996 [轨迹] 序号=273 单调时间=11344.523409 时间=11344.523 模式=AUTO.LAND 起飞状态=未执行起飞 水平控制=位置保持 类型掩码=3520 实际位置NED=(0.103,-0.059,-0.195) 实际速度=(-0.041,0.019,0.036) 最终目标=(0.103,-0.059,-0.195) 指令位置=(0.103,-0.059,-0.195) 指令速度=(0.000,0.000,0.000) 指令加速度=(0.000,0.000,0.000) 滚转角=0.18度 俯仰角=0.05度
11:41:53.607128 [轨迹] 序号=274 单调时间=11344.626562 时间=11344.627 模式=AUTO.LAND 起飞状态=未执行起飞 水平控制=位置保持 类型掩码=3520 实际位置NED=(0.100,-0.057,-0.193) 实际速度=(-0.038,0.018,0.035) 最终目标=(0.100,-0.057,-0.193) 指令位置=(0.100,-0.057,-0.193) 指令速度=(0.000,0.000,0.000) 指令加速度=(0.000,0.000,0.000) 滚转角=0.17度 俯仰角=0.06度
11:41:53.710282 [轨迹] 序号=275 单调时间=11344.729629 时间=11344.730 模式=AUTO.LAND 起飞状态=未执行起飞 水平控制=位置保持 类型掩码=3520 实际位置NED=(0.098,-0.056,-0.191) 实际速度=(-0.035,0.017,0.035) 最终目标=(0.098,-0.056,-0.191) 指令位置=(0.098,-0.056,-0.191) 指令速度=(0.000,0.000,0.000) 指令加速度=(0.000,0.000,0.000) 滚转角=0.15度 俯仰角=0.07度
11:41:53.814554 [轨迹] 序号=276 单调时间=11344.833727 时间=11344.834 模式=AUTO.LAND 起飞状态=未执行起飞 水平控制=位置保持 类型掩码=3520 实际位置NED=(0.095,-0.054,-0.188) 实际速度=(-0.030,0.014,0.033) 最终目标=(0.095,-0.054,-0.188) 指令位置=(0.095,-0.054,-0.188) 指令速度=(0.000,0.000,0.000) 指令加速度=(0.000,0.000,0.000) 滚转角=0.12度 俯仰角=0.09度
11:41:53.918145 [轨迹] 序号=277 单调时间=11344.937366 时间=11344.937 模式=AUTO.LAND 起飞状态=未执行起飞 水平控制=位置保持 类型掩码=3520 实际位置NED=(0.094,-0.054,-0.187) 实际速度=(-0.027,0.012,0.031) 最终目标=(0.094,-0.054,-0.187) 指令位置=(0.094,-0.054,-0.187) 指令速度=(0.000,0.000,0.000) 指令加速度=(0.000,0.000,0.000) 滚转角=0.10度 俯仰角=0.10度
11:41:54.021632 [轨迹] 序号=278 单调时间=11345.041017 时间=11345.041 模式=AUTO.LAND 起飞状态=未执行起飞 水平控制=位置保持 类型掩码=3520 实际位置NED=(0.092,-0.053,-0.187) 实际速度=(-0.022,0.010,0.027) 最终目标=(0.092,-0.053,-0.187) 指令位置=(0.092,-0.053,-0.187) 指令速度=(0.000,0.000,0.000) 指令加速度=(0.000,0.000,0.000) 滚转角=0.08度 俯仰角=0.11度
11:41:54.125277 [轨迹] 序号=279 单调时间=11345.144597 时间=11345.145 模式=AUTO.LAND 起飞状态=未执行起飞 水平控制=位置保持 类型掩码=3520 实际位置NED=(0.091,-0.053,-0.187) 实际速度=(-0.020,0.009,0.025) 最终目标=(0.091,-0.053,-0.187) 指令位置=(0.091,-0.053,-0.187) 指令速度=(0.000,0.000,0.000) 指令加速度=(0.000,0.000,0.000) 滚转角=0.07度 俯仰角=0.11度
11:41:54.228664 [轨迹] 序号=280 单调时间=11345.247869 时间=11345.248 模式=AUTO.LAND 起飞状态=未执行起飞 水平控制=位置保持 类型掩码=3520 实际位置NED=(0.091,-0.052,-0.188) 实际速度=(-0.018,0.008,0.023) 最终目标=(0.091,-0.052,-0.188) 指令位置=(0.091,-0.052,-0.188) 指令速度=(0.000,0.000,0.000) 指令加速度=(0.000,0.000,0.000) 滚转角=0.06度 俯仰角=0.12度
11:41:54.332566 [轨迹] 序号=281 单调时间=11345.351884 时间=11345.352 模式=AUTO.LAND 起飞状态=未执行起飞 水平控制=位置保持 类型掩码=3520 实际位置NED=(0.090,-0.052,-0.189) 实际速度=(-0.016,0.007,0.021) 最终目标=(0.090,-0.052,-0.189) 指令位置=(0.090,-0.052,-0.189) 指令速度=(0.000,0.000,0.000) 指令加速度=(0.000,0.000,0.000) 滚转角=0.06度 俯仰角=0.12度
11:41:54.433477 [轨迹] 序号=282 单调时间=11345.452729 时间=11345.453 模式=AUTO.LAND 起飞状态=未执行起飞 水平控制=位置保持 类型掩码=3520 实际位置NED=(0.090,-0.052,-0.193) 实际速度=(-0.012,0.006,0.016) 最终目标=(0.090,-0.052,-0.193) 指令位置=(0.090,-0.052,-0.193) 指令速度=(0.000,0.000,0.000) 指令加速度=(0.000,0.000,0.000) 滚转角=0.05度 俯仰角=0.13度
11:41:54.536655 [轨迹] 序号=283 单调时间=11345.555942 时间=11345.556 模式=AUTO.LAND 起飞状态=未执行起飞 水平控制=位置保持 类型掩码=3520 实际位置NED=(0.090,-0.052,-0.195) 实际速度=(-0.010,0.005,0.013) 最终目标=(0.090,-0.052,-0.195) 指令位置=(0.090,-0.052,-0.195) 指令速度=(0.000,0.000,0.000) 指令加速度=(0.000,0.000,0.000) 滚转角=0.05度 俯仰角=0.13度
11:41:54.639932 [轨迹] 序号=284 单调时间=11345.659245 时间=11345.659 模式=AUTO.LAND 起飞状态=未执行起飞 水平控制=位置保持 类型掩码=3520 实际位置NED=(0.090,-0.052,-0.197) 实际速度=(-0.009,0.004,0.011) 最终目标=(0.090,-0.052,-0.197) 指令位置=(0.090,-0.052,-0.197) 指令速度=(0.000,0.000,0.000) 指令加速度=(0.000,0.000,0.000) 滚转角=0.05度 俯仰角=0.13度
11:41:54.743866 [轨迹] 序号=285 单调时间=11345.763185 时间=11345.763 模式=AUTO.LAND 起飞状态=未执行起飞 水平控制=位置保持 类型掩码=3520 实际位置NED=(0.090,-0.052,-0.199) 实际速度=(-0.008,0.003,0.008) 最终目标=(0.090,-0.052,-0.199) 指令位置=(0.090,-0.052,-0.199) 指令速度=(0.000,0.000,0.000) 指令加速度=(0.000,0.000,0.000) 滚转角=0.04度 俯仰角=0.13度
11:41:54.847339 [轨迹] 序号=286 单调时间=11345.866689 时间=11345.867 模式=AUTO.LAND 起飞状态=未执行起飞 水平控制=位置保持 类型掩码=3520 实际位置NED=(0.090,-0.052,-0.205) 实际速度=(-0.005,0.002,0.002) 最终目标=(0.090,-0.052,-0.205) 指令位置=(0.090,-0.052,-0.205) 指令速度=(0.000,0.000,0.000) 指令加速度=(0.000,0.000,0.000) 滚转角=0.05度 俯仰角=0.13度
11:41:54.950598 [轨迹] 序号=287 单调时间=11345.969823 时间=11345.970 模式=AUTO.LAND 起飞状态=未执行起飞 水平控制=位置保持 类型掩码=3520 实际位置NED=(0.090,-0.053,-0.207) 实际速度=(-0.004,0.002,0.000) 最终目标=(0.090,-0.053,-0.207) 指令位置=(0.090,-0.053,-0.207) 指令速度=(0.000,0.000,0.000) 指令加速度=(0.000,0.000,0.000) 滚转角=0.05度 俯仰角=0.13度
11:41:55.053539 [轨迹] 序号=288 单调时间=11346.073092 时间=11346.073 模式=AUTO.LAND 起飞状态=未执行起飞 水平控制=位置保持 类型掩码=3520 实际位置NED=(0.091,-0.053,-0.210) 实际速度=(-0.003,0.002,-0.002) 最终目标=(0.091,-0.053,-0.210) 指令位置=(0.091,-0.053,-0.210) 指令速度=(0.000,0.000,0.000) 指令加速度=(0.000,0.000,0.000) 滚转角=0.05度 俯仰角=0.13度
11:41:55.156623 [轨迹] 序号=289 单调时间=11346.175937 时间=11346.176 模式=AUTO.LAND 起飞状态=未执行起飞 水平控制=位置保持 类型掩码=3520 实际位置NED=(0.091,-0.053,-0.213) 实际速度=(-0.003,0.001,-0.004) 最终目标=(0.091,-0.053,-0.213) 指令位置=(0.091,-0.053,-0.213) 指令速度=(0.000,0.000,0.000) 指令加速度=(0.000,0.000,0.000) 滚转角=0.05度 俯仰角=0.13度
11:41:55.260120 [轨迹] 序号=290 单调时间=11346.279388 时间=11346.279 模式=AUTO.LAND 起飞状态=未执行起飞 水平控制=位置保持 类型掩码=3520 实际位置NED=(0.091,-0.053,-0.219) 实际速度=(-0.001,0.001,-0.009) 最终目标=(0.091,-0.053,-0.219) 指令位置=(0.091,-0.053,-0.219) 指令速度=(0.000,0.000,0.000) 指令加速度=(0.000,0.000,0.000) 滚转角=0.05度 俯仰角=0.13度
11:41:55.363546 [轨迹] 序号=291 单调时间=11346.382797 时间=11346.383 模式=AUTO.LAND 起飞状态=未执行起飞 水平控制=位置保持 类型掩码=3520 实际位置NED=(0.092,-0.053,-0.222) 实际速度=(-0.001,0.000,-0.011) 最终目标=(0.092,-0.053,-0.222) 指令位置=(0.092,-0.053,-0.222) 指令速度=(0.000,0.000,0.000) 指令加速度=(0.000,0.000,0.000) 滚转角=0.05度 俯仰角=0.13度
11:41:55.467411 [轨迹] 序号=292 单调时间=11346.486764 时间=11346.487 模式=AUTO.LAND 起飞状态=未执行起飞 水平控制=位置保持 类型掩码=3520 实际位置NED=(0.092,-0.054,-0.228) 实际速度=(-0.000,0.000,-0.015) 最终目标=(0.092,-0.054,-0.228) 指令位置=(0.092,-0.054,-0.228) 指令速度=(0.000,0.000,0.000) 指令加速度=(0.000,0.000,0.000) 滚转角=0.05度 俯仰角=0.12度
11:41:55.569656 [轨迹] 序号=293 单调时间=11346.588937 时间=11346.589 模式=AUTO.LAND 起飞状态=未执行起飞 水平控制=位置保持 类型掩码=3520 实际位置NED=(0.092,-0.054,-0.228) 实际速度=(-0.000,0.000,-0.015) 最终目标=(0.092,-0.054,-0.228) 指令位置=(0.092,-0.054,-0.228) 指令速度=(0.000,0.000,0.000) 指令加速度=(0.000,0.000,0.000) 滚转角=0.05度 俯仰角=0.12度
11:41:55.672738 [轨迹] 序号=294 单调时间=11346.692111 时间=11346.692 模式=AUTO.LAND 起飞状态=未执行起飞 水平控制=位置保持 类型掩码=3520 实际位置NED=(0.092,-0.054,-0.228) 实际速度=(-0.000,0.000,-0.015) 最终目标=(0.092,-0.054,-0.228) 指令位置=(0.092,-0.054,-0.228) 指令速度=(0.000,0.000,0.000) 指令加速度=(0.000,0.000,0.000) 滚转角=0.05度 俯仰角=0.12度
11:41:55.776649 [轨迹] 序号=295 单调时间=11346.795986 时间=11346.796 模式=AUTO.LAND 起飞状态=未执行起飞 水平控制=位置保持 类型掩码=3520 实际位置NED=(0.092,-0.054,-0.228) 实际速度=(-0.000,0.000,-0.015) 最终目标=(0.092,-0.054,-0.228) 指令位置=(0.092,-0.054,-0.228) 指令速度=(0.000,0.000,0.000) 指令加速度=(0.000,0.000,0.000) 滚转角=0.05度 俯仰角=0.12度
11:41:55.878057 [轨迹] 序号=296 单调时间=11346.897377 时间=11346.897 模式=AUTO.LAND 起飞状态=未执行起飞 水平控制=位置保持 类型掩码=3520 实际位置NED=(0.092,-0.054,-0.228) 实际速度=(-0.000,0.000,-0.015) 最终目标=(0.092,-0.054,-0.228) 指令位置=(0.092,-0.054,-0.228) 指令速度=(0.000,0.000,0.000) 指令加速度=(0.000,0.000,0.000) 滚转角=0.05度 俯仰角=0.12度
11:41:55.981394 [轨迹] 序号=297 单调时间=11347.000781 时间=11347.001 模式=AUTO.LAND 起飞状态=未执行起飞 水平控制=位置保持 类型掩码=3520 实际位置NED=(0.092,-0.054,-0.228) 实际速度=(-0.000,0.000,-0.015) 最终目标=(0.092,-0.054,-0.228) 指令位置=(0.092,-0.054,-0.228) 指令速度=(0.000,0.000,0.000) 指令加速度=(0.000,0.000,0.000) 滚转角=0.05度 俯仰角=0.12度
11:41:56.084674 [轨迹] 序号=298 单调时间=11347.104045 时间=11347.104 模式=AUTO.LAND 起飞状态=未执行起飞 水平控制=位置保持 类型掩码=3520 实际位置NED=(0.092,-0.054,-0.228) 实际速度=(-0.000,0.000,-0.015) 最终目标=(0.092,-0.054,-0.228) 指令位置=(0.092,-0.054,-0.228) 指令速度=(0.000,0.000,0.000) 指令加速度=(0.000,0.000,0.000) 滚转角=0.05度 俯仰角=0.12度
11:41:56.188130 [轨迹] 序号=299 单调时间=11347.207470 时间=11347.207 模式=AUTO.LAND 起飞状态=未执行起飞 水平控制=位置保持 类型掩码=3520 实际位置NED=(0.092,-0.054,-0.228) 实际速度=(-0.000,0.000,-0.015) 最终目标=(0.092,-0.054,-0.228) 指令位置=(0.092,-0.054,-0.228) 指令速度=(0.000,0.000,0.000) 指令加速度=(0.000,0.000,0.000) 滚转角=0.05度 俯仰角=0.12度
11:41:56.291615 [轨迹] 序号=300 单调时间=11347.310932 时间=11347.311 模式=AUTO.LAND 起飞状态=未执行起飞 水平控制=位置保持 类型掩码=3520 实际位置NED=(0.092,-0.054,-0.228) 实际速度=(-0.000,0.000,-0.015) 最终目标=(0.092,-0.054,-0.228) 指令位置=(0.092,-0.054,-0.228) 指令速度=(0.000,0.000,0.000) 指令加速度=(0.000,0.000,0.000) 滚转角=0.05度 俯仰角=0.12度
